Archive member included to satisfy reference by file (symbol)

/home/s/eclipse-workspace/Serv/build/app_update/libapp_update.a(esp_app_desc.o)
                              (esp_app_desc)
/home/s/eclipse-workspace/Serv/build/cxx/libcxx.a(cxx_guards.o)
                              (__cxa_guard_dummy)
/home/s/eclipse-workspace/Serv/build/cxx/libcxx.a(cxx_exception_stubs.o)
                              (__cxx_fatal_exception)
/home/s/eclipse-workspace/Serv/build/esp32/libesp32.a(panic.o)
                              /home/s/eclipse-workspace/Serv/build/cxx/libcxx.a(cxx_guards.o) (abort)
/home/s/eclipse-workspace/Serv/build/esp32/libesp32.a(cpu_start.o)
                              (call_start_cpu0)
/home/s/eclipse-workspace/Serv/build/esp32/libesp32.a(clk.o)
                              /home/s/eclipse-workspace/Serv/build/esp32/libesp32.a(cpu_start.o) (esp_clk_init)
/home/s/eclipse-workspace/Serv/build/esp32/libesp32.a(crosscore_int.o)
                              /home/s/eclipse-workspace/Serv/build/esp32/libesp32.a(cpu_start.o) (esp_crosscore_int_init)
/home/s/eclipse-workspace/Serv/build/esp32/libesp32.a(cache_err_int.o)
                              /home/s/eclipse-workspace/Serv/build/esp32/libesp32.a(cpu_start.o) (esp_cache_err_int_init)
/home/s/eclipse-workspace/Serv/build/esp32/libesp32.a(intr_alloc.o)
                              /home/s/eclipse-workspace/Serv/build/esp32/libesp32.a(crosscore_int.o) (esp_intr_alloc)
/home/s/eclipse-workspace/Serv/build/esp32/libesp32.a(esp_err_to_name.o)
                              /home/s/eclipse-workspace/Serv/build/esp32/libesp32.a(panic.o) (esp_err_to_name)
/home/s/eclipse-workspace/Serv/build/esp32/libesp32.a(esp_timer.o)
                              /home/s/eclipse-workspace/Serv/build/esp32/libesp32.a(cpu_start.o) (esp_timer_init)
/home/s/eclipse-workspace/Serv/build/esp32/libesp32.a(dport_access.o)
                              /home/s/eclipse-workspace/Serv/build/esp32/libesp32.a(cpu_start.o) (esp_dport_access_stall_other_cpu_start)
/home/s/eclipse-workspace/Serv/build/esp32/libesp32.a(system_api.o)
                              /home/s/eclipse-workspace/Serv/build/esp32/libesp32.a(panic.o) (esp_restart_noos)
/home/s/eclipse-workspace/Serv/build/esp32/libesp32.a(brownout.o)
                              /home/s/eclipse-workspace/Serv/build/esp32/libesp32.a(cpu_start.o) (esp_brownout_init)
/home/s/eclipse-workspace/Serv/build/esp32/libesp32.a(int_wdt.o)
                              /home/s/eclipse-workspace/Serv/build/esp32/libesp32.a(cpu_start.o) (esp_int_wdt_init)
/home/s/eclipse-workspace/Serv/build/esp32/libesp32.a(dport_panic_highint_hdl.o)
                              (ld_include_panic_highint_hdl)
/home/s/eclipse-workspace/Serv/build/esp32/libesp32.a(task_wdt.o)
                              /home/s/eclipse-workspace/Serv/build/esp32/libesp32.a(cpu_start.o) (esp_task_wdt_init)
/home/s/eclipse-workspace/Serv/build/esp32/libesp32.a(dbg_stubs.o)
                              /home/s/eclipse-workspace/Serv/build/esp32/libesp32.a(cpu_start.o) (esp_dbg_stubs_init)
/home/s/eclipse-workspace/Serv/build/esp32/libesp32.a(esp_timer_esp32.o)
                              /home/s/eclipse-workspace/Serv/build/esp32/libesp32.a(esp_timer.o) (esp_timer_impl_get_time)
/home/s/eclipse-workspace/Serv/build/esp32/libesp32.a(freertos_hooks.o)
                              /home/s/eclipse-workspace/Serv/build/esp32/libesp32.a(task_wdt.o) (esp_register_freertos_idle_hook_for_cpu)
/home/s/eclipse-workspace/Serv/build/esp32/libesp32.a(ipc.o)
                              /home/s/eclipse-workspace/Serv/build/esp32/libesp32.a(intr_alloc.o) (esp_ipc_call_blocking)
/home/s/eclipse-workspace/Serv/build/esp32/libesp32.a(pm_esp32.o)
                              /home/s/eclipse-workspace/Serv/build/esp32/libesp32.a(freertos_hooks.o) (esp_pm_impl_waiti)
/home/s/eclipse-workspace/Serv/build/esp32/libesp32.a(pm_locks.o)
                              /home/s/eclipse-workspace/Serv/build/esp32/libesp32.a(pm_esp32.o) (esp_pm_lock_create)
/home/s/eclipse/esp-idf/components/esp32/libhal.a(int_asm--set_intclear.o)
                              /home/s/eclipse-workspace/Serv/build/esp32/libesp32.a(intr_alloc.o) (xthal_set_intclear)
/home/s/eclipse-workspace/Serv/build/freertos/libfreertos.a(xtensa_intr.o)
                              /home/s/eclipse-workspace/Serv/build/esp32/libesp32.a(intr_alloc.o) (xt_unhandled_interrupt)
/home/s/eclipse-workspace/Serv/build/freertos/libfreertos.a(queue.o)
                              /home/s/eclipse-workspace/Serv/build/esp32/libesp32.a(ipc.o) (xQueueGenericCreate)
/home/s/eclipse-workspace/Serv/build/freertos/libfreertos.a(list.o)
                              /home/s/eclipse-workspace/Serv/build/freertos/libfreertos.a(queue.o) (vListInitialise)
/home/s/eclipse-workspace/Serv/build/freertos/libfreertos.a(xtensa_init.o)
                              /home/s/eclipse-workspace/Serv/build/esp32/libesp32.a(pm_esp32.o) (_xt_tick_divisor)
[...]
Memory Configuration

Name             Origin             Length             Attributes
iram0_0_seg      0x0000000040080000 0x0000000000020000 xr
iram0_2_seg      0x00000000400d0018 0x000000000032ffe8 xr
dram0_0_seg      0x000000003ffb0000 0x000000000002c200 rw
drom0_0_seg      0x000000003f400018 0x00000000003fffe8 r
rtc_iram_seg     0x00000000400c0000 0x0000000000002000 xrw
rtc_data_seg     0x000000003ff80000 0x0000000000002000 rw
rtc_slow_seg     0x0000000050000000 0x0000000000001000 rw
extern_ram_seg   0x000000003f800000 0x0000000000400000 xrw
*default*        0x0000000000000000 0xffffffffffffffff

Linker script and memory map

START GROUP
LOAD /home/s/eclipse-workspace/Serv/build/app_trace/libapp_trace.a
LOAD /home/s/eclipse-workspace/Serv/build/app_update/libapp_update.a
LOAD /home/s/eclipse-workspace/Serv/build/asio/libasio.a
LOAD /home/s/eclipse-workspace/Serv/build/bootloader_support/libbootloader_support.a
LOAD /home/s/eclipse-workspace/Serv/build/bt/libbt.a
LOAD /home/s/eclipse-workspace/Serv/build/coap/libcoap.a
LOAD /home/s/eclipse-workspace/Serv/build/console/libconsole.a
LOAD /home/s/eclipse-workspace/Serv/build/cxx/libcxx.a
LOAD /home/s/eclipse-workspace/Serv/build/driver/libdriver.a
LOAD /home/s/eclipse-workspace/Serv/build/esp-tls/libesp-tls.a
LOAD /home/s/eclipse-workspace/Serv/build/esp32/libesp32.a
LOAD /home/s/eclipse/esp-idf/components/esp32/libhal.a
LOAD /home/s/eclipse/esp-idf/components/esp32/lib/libcore.a
LOAD /home/s/eclipse/esp-idf/components/esp32/lib/librtc.a
LOAD /home/s/eclipse/esp-idf/components/esp32/lib/libnet80211.a
LOAD /home/s/eclipse/esp-idf/components/esp32/lib/libpp.a
LOAD /home/s/eclipse/esp-idf/components/esp32/lib/libwpa.a
LOAD /home/s/eclipse/esp-idf/components/esp32/lib/libsmartconfig.a
LOAD /home/s/eclipse/esp-idf/components/esp32/lib/libcoexist.a
LOAD /home/s/eclipse/esp-idf/components/esp32/lib/libwps.a
LOAD /home/s/eclipse/esp-idf/components/esp32/lib/libwpa2.a
LOAD /home/s/eclipse/esp-idf/components/esp32/lib/libespnow.a
LOAD /home/s/eclipse/esp-idf/components/esp32/lib/libphy.a
LOAD /home/s/eclipse/esp-idf/components/esp32/lib/libmesh.a
LOAD /home/s/eclipse-workspace/Serv/build/esp_adc_cal/libesp_adc_cal.a
LOAD /home/s/eclipse-workspace/Serv/build/esp_event/libesp_event.a
LOAD /home/s/eclipse-workspace/Serv/build/esp_http_client/libesp_http_client.a
LOAD /home/s/eclipse-workspace/Serv/build/esp_http_server/libesp_http_server.a
LOAD /home/s/eclipse-workspace/Serv/build/esp_https_ota/libesp_https_ota.a
LOAD /home/s/eclipse-workspace/Serv/build/esp_https_server/libesp_https_server.a
LOAD /home/s/eclipse-workspace/Serv/build/esp_ringbuf/libesp_ringbuf.a
LOAD /home/s/eclipse-workspace/Serv/build/ethernet/libethernet.a
LOAD /home/s/eclipse-workspace/Serv/build/expat/libexpat.a
LOAD /home/s/eclipse-workspace/Serv/build/fatfs/libfatfs.a
LOAD /home/s/eclipse-workspace/Serv/build/freemodbus/libfreemodbus.a
LOAD /home/s/eclipse-workspace/Serv/build/freertos/libfreertos.a
LOAD /home/s/eclipse-workspace/Serv/build/heap/libheap.a
LOAD /home/s/eclipse-workspace/Serv/build/idf_test/libidf_test.a
LOAD /home/s/eclipse-workspace/Serv/build/jsmn/libjsmn.a
LOAD /home/s/eclipse-workspace/Serv/build/json/libjson.a
LOAD /home/s/eclipse-workspace/Serv/build/libsodium/liblibsodium.a
LOAD /home/s/eclipse-workspace/Serv/build/log/liblog.a
LOAD /home/s/eclipse-workspace/Serv/build/lwip/liblwip.a
LOAD /home/s/eclipse-workspace/Serv/build/mbedtls/libmbedtls.a
LOAD /home/s/eclipse-workspace/Serv/build/mdns/libmdns.a
LOAD /home/s/eclipse-workspace/Serv/build/micro-ecc/libmicro-ecc.a
LOAD /home/s/eclipse-workspace/Serv/build/mqtt/libmqtt.a
LOAD /home/s/eclipse/esp-idf/components/newlib/lib/libc.a
LOAD /home/s/eclipse/esp-idf/components/newlib/lib/libm.a
LOAD /home/s/eclipse-workspace/Serv/build/newlib/libnewlib.a
LOAD /home/s/eclipse-workspace/Serv/build/nghttp/libnghttp.a
LOAD /home/s/eclipse-workspace/Serv/build/nvs_flash/libnvs_flash.a
LOAD /home/s/eclipse-workspace/Serv/build/openssl/libopenssl.a
LOAD /home/s/eclipse-workspace/Serv/build/protobuf-c/libprotobuf-c.a
LOAD /home/s/eclipse-workspace/Serv/build/protocomm/libprotocomm.a
LOAD /home/s/eclipse-workspace/Serv/build/pthread/libpthread.a
LOAD /home/s/eclipse-workspace/Serv/build/sdmmc/libsdmmc.a
LOAD /home/s/eclipse-workspace/Serv/build/smartconfig_ack/libsmartconfig_ack.a
LOAD /home/s/eclipse-workspace/Serv/build/soc/libsoc.a
LOAD /home/s/eclipse-workspace/Serv/build/spi_flash/libspi_flash.a
LOAD /home/s/eclipse-workspace/Serv/build/spiffs/libspiffs.a
LOAD /home/s/eclipse-workspace/Serv/build/tcp_transport/libtcp_transport.a
LOAD /home/s/eclipse-workspace/Serv/build/tcpip_adapter/libtcpip_adapter.a
LOAD /home/s/eclipse-workspace/Serv/build/ulp/libulp.a
LOAD /home/s/eclipse-workspace/Serv/build/unity/libunity.a
LOAD /home/s/eclipse-workspace/Serv/build/vfs/libvfs.a
LOAD /home/s/eclipse-workspace/Serv/build/wear_levelling/libwear_levelling.a
LOAD /home/s/eclipse-workspace/Serv/build/wifi_provisioning/libwifi_provisioning.a
LOAD /home/s/eclipse-workspace/Serv/build/wpa_supplicant/libwpa_supplicant.a
LOAD /home/s/eclipse-workspace/Serv/build/xtensa-debug-module/libxtensa-debug-module.a
LOAD /home/s/eclipse/xtensa-esp32-elf/bin/../lib/gcc/xtensa-esp32-elf/5.2.0/libgcc.a
LOAD /home/s/eclipse/xtensa-esp32-elf/bin/../lib/gcc/xtensa-esp32-elf/5.2.0/../../../../xtensa-esp32-elf/lib/libstdc++.a
LOAD /home/s/eclipse/xtensa-esp32-elf/bin/../lib/gcc/xtensa-esp32-elf/5.2.0/libgcov.a
END GROUP
                0x0000000040000000                _heap_end = 0x40000000
                0x000000003ff80000                _data_seg_org = ORIGIN (rtc_data_seg)

.rtc.text       0x00000000400c0000        0x0
                0x00000000400c0000                . = ALIGN (0x4)
 *(.rtc.literal .rtc.text .rtc.text.*)
 *rtc_wake_stub*.*(.literal .text .literal.* .text.*)
                0x00000000400c0000                _rtc_text_end = ABSOLUTE (.)

.rtc.dummy      0x000000003ff80000        0x0
                0x000000003ff80000                _rtc_dummy_start = ABSOLUTE (.)
                0x000000003ff80000                _rtc_fast_start = ABSOLUTE (.)
                0x0000000000000000                . = SIZEOF (.rtc.text)
                0x0000000000000000                _rtc_dummy_end = ABSOLUTE (.)

.rtc.force_fast
                0x000000003ff80000        0x0
                0x000000003ff80000                . = ALIGN (0x4)
                0x000000003ff80000                _rtc_force_fast_start = ABSOLUTE (.)
 *(.rtc.force_fast .rtc.force_fast.*)
                0x000000003ff80000                . = ALIGN (0x4)
                0x000000003ff80000                _rtc_force_fast_end = ABSOLUTE (.)

.rtc.data       0x0000000050000000        0x0
                0x0000000050000000                _rtc_data_start = ABSOLUTE (.)
 *(.rtc.data .rtc.data.* .rtc.rodata .rtc.rodata.*)
 *rtc_wake_stub*.*(.data .rodata .data.* .rodata.* .bss .bss.*)
                0x0000000050000000                _rtc_data_end = ABSOLUTE (.)

.rtc.bss        0x0000000050000000        0x0
                0x0000000050000000                _rtc_bss_start = ABSOLUTE (.)
 *rtc_wake_stub*.*(.bss .bss.*)
 *rtc_wake_stub*.*(COMMON)
 *(.rtc.bss)
                0x0000000050000000                _rtc_bss_end = ABSOLUTE (.)

.rtc_noinit     0x0000000050000000        0x0
                0x0000000050000000                . = ALIGN (0x4)
                0x0000000050000000                _rtc_noinit_start = ABSOLUTE (.)
 *(.rtc_noinit .rtc_noinit.*)
                0x0000000050000000                . = ALIGN (0x4)
                0x0000000050000000                _rtc_noinit_end = ABSOLUTE (.)

.rtc.force_slow
                0x0000000050000000        0x0
                0x0000000050000000                . = ALIGN (0x4)
                0x0000000050000000                _rtc_force_slow_start = ABSOLUTE (.)
 *(.rtc.force_slow .rtc.force_slow.*)
                0x0000000050000000                . = ALIGN (0x4)
                0x0000000050000000                _rtc_force_slow_end = ABSOLUTE (.)
                0x0000000000000000                _rtc_slow_length = (ORIGIN (rtc_slow_seg) == ORIGIN (rtc_data_location))?(_rtc_force_slow_end - _rtc_data_start):(_rtc_force_slow_end - _rtc_force_slow_start)
                0x0000000000000000                _rtc_fast_length = (ORIGIN (rtc_slow_seg) == ORIGIN (rtc_data_location))?(_rtc_force_fast_end - _rtc_fast_start):(_rtc_noinit_end - _rtc_fast_start)
                0x0000000000000001                ASSERT ((_rtc_slow_length <= 0x1000), RTC_SLOW segment data does not fit.)
                0x0000000000000001                ASSERT ((_rtc_fast_length <= 0x2000), RTC_FAST segment data does not fit.)

.iram0.vectors  0x0000000040080000      0x400
                0x0000000040080000                _iram_start = ABSOLUTE (.)
                0x0000000040080000                _init_start = ABSOLUTE (.)
                0x0000000000000000                . = 0x0
 *(.WindowVectors.text)
 .WindowVectors.text
                0x0000000040080000      0x16a /home/s/eclipse-workspace/Serv/build/freertos/libfreertos.a(xtensa_vectors.o)
                0x0000000040080000                _WindowOverflow4
                0x0000000040080040                _WindowUnderflow4
                0x0000000040080050                _xt_alloca_exc
                0x0000000040080080                _WindowOverflow8
                0x00000000400800c0                _WindowUnderflow8
                0x0000000040080100                _WindowOverflow12
                0x0000000040080140                _WindowUnderflow12
                0x0000000000000180                . = 0x180
 *fill*         0x000000004008016a       0x16 
 *(.Level2InterruptVector.text)
 .Level2InterruptVector.text
                0x0000000040080180        0x6 /home/s/eclipse-workspace/Serv/build/freertos/libfreertos.a(xtensa_vectors.o)
                0x0000000040080180                _Level2Vector
                0x00000000000001c0                . = 0x1c0
 *fill*         0x0000000040080186       0x3a 
 *(.Level3InterruptVector.text)
 .Level3InterruptVector.text
                0x00000000400801c0        0x6 /home/s/eclipse-workspace/Serv/build/freertos/libfreertos.a(xtensa_vectors.o)
                0x00000000400801c0                _Level3Vector
                0x0000000000000200                . = 0x200
 *fill*         0x00000000400801c6       0x3a 
 *(.Level4InterruptVector.text)
 .Level4InterruptVector.text
                0x0000000040080200        0x6 /home/s/eclipse-workspace/Serv/build/freertos/libfreertos.a(xtensa_vectors.o)
                0x0000000040080200                _Level4Vector
                0x0000000000000240                . = 0x240
 *fill*         0x0000000040080206       0x3a 
 *(.Level5InterruptVector.text)
 .Level5InterruptVector.text
                0x0000000040080240        0x6 /home/s/eclipse-workspace/Serv/build/freertos/libfreertos.a(xtensa_vectors.o)
                0x0000000040080240                _Level5Vector
                0x0000000000000280                . = 0x280
 *fill*         0x0000000040080246       0x3a 
 *(.DebugExceptionVector.text)
 .DebugExceptionVector.text
                0x0000000040080280        0x6 /home/s/eclipse-workspace/Serv/build/freertos/libfreertos.a(xtensa_vectors.o)
                0x0000000040080280                _DebugExceptionVector
                0x00000000000002c0                . = 0x2c0
 *fill*         0x0000000040080286       0x3a 
 *(.NMIExceptionVector.text)
 .NMIExceptionVector.text
                0x00000000400802c0        0x6 /home/s/eclipse-workspace/Serv/build/freertos/libfreertos.a(xtensa_vectors.o)
                0x00000000400802c0                _NMIExceptionVector
                0x0000000000000300                . = 0x300
 *fill*         0x00000000400802c6       0x3a 
 *(.KernelExceptionVector.text)
 .KernelExceptionVector.text
                0x0000000040080300        0x6 /home/s/eclipse-workspace/Serv/build/freertos/libfreertos.a(xtensa_vectors.o)
                0x0000000040080300                _KernelExceptionVector
                0x0000000000000340                . = 0x340
 *fill*         0x0000000040080306       0x3a 
 *(.UserExceptionVector.text)
 .UserExceptionVector.text
                0x0000000040080340        0x6 /home/s/eclipse-workspace/Serv/build/freertos/libfreertos.a(xtensa_vectors.o)
                0x0000000040080340                _UserExceptionVector
                0x00000000000003c0                . = 0x3c0
 *fill*         0x0000000040080346       0x7a 
 *(.DoubleExceptionVector.text)
 .DoubleExceptionVector.text
                0x00000000400803c0        0xf /home/s/eclipse-workspace/Serv/build/freertos/libfreertos.a(xtensa_vectors.o)
                0x00000000400803c0                _DoubleExceptionVector
                0x0000000000000400                . = 0x400
 *fill*         0x00000000400803cf       0x31 
 *(.*Vector.literal)
 *(.UserEnter.literal)
 *(.UserEnter.text)
                0x0000000040080400                . = ALIGN (0x10)
 *(.entry.text)
 *(.init.literal)
 *(.init)
                0x0000000040080400                _init_end = ABSOLUTE (.)

.iram0.text     0x0000000040080400     0x7b20
                0x0000000040080400                _iram_text_start = ABSOLUTE (.)
 *(.iram1 .iram1.*)
 .iram1.21.literal
                0x0000000040080400       0x40 /home/s/eclipse-workspace/Serv/build/esp32/libesp32.a(cpu_start.o)
                                         0xb8 (size before relaxing)
 .iram1.23.literal
                0x0000000040080440        0xc /home/s/eclipse-workspace/Serv/build/esp32/libesp32.a(cpu_start.o)
                                         0x2c (size before relaxing)
 .iram1.25.literal
                0x000000004008044c       0x1c /home/s/eclipse-workspace/Serv/build/esp32/libesp32.a(cpu_start.o)
                                         0x34 (size before relaxing)
 .iram1.24.literal
                0x0000000040080468       0x64 /home/s/eclipse-workspace/Serv/build/esp32/libesp32.a(cpu_start.o)
                                        0x110 (size before relaxing)
 .iram1.4.literal
                0x00000000400804cc        0x8 /home/s/eclipse-workspace/Serv/build/esp32/libesp32.a(clk.o)
 .iram1.5.literal
                0x00000000400804d4        0x0 /home/s/eclipse-workspace/Serv/build/esp32/libesp32.a(clk.o)
                                          0x8 (size before relaxing)
 .iram1.7.literal
                0x00000000400804d4        0x4 /home/s/eclipse-workspace/Serv/build/esp32/libesp32.a(clk.o)
                                          0x8 (size before relaxing)
 .iram1.17.literal
                0x00000000400804d8       0x1c /home/s/eclipse-workspace/Serv/build/esp32/libesp32.a(crosscore_int.o)
                                         0x28 (size before relaxing)
 .iram1.16.literal
                0x00000000400804f4        0x0 /home/s/eclipse-workspace/Serv/build/esp32/libesp32.a(crosscore_int.o)
                                         0x18 (size before relaxing)
 .iram1.18.literal
                0x00000000400804f4        0x0 /home/s/eclipse-workspace/Serv/build/esp32/libesp32.a(crosscore_int.o)
                                          0x4 (size before relaxing)
 .iram1.13.literal
                0x00000000400804f4        0xc /home/s/eclipse-workspace/Serv/build/esp32/libesp32.a(cache_err_int.o)
                                         0x18 (size before relaxing)
 .iram1.11.literal
                0x0000000040080500        0x4 /home/s/eclipse-workspace/Serv/build/esp32/libesp32.a(intr_alloc.o)
                                          0xc (size before relaxing)
 .iram1.13.literal
                0x0000000040080504        0x4 /home/s/eclipse-workspace/Serv/build/esp32/libesp32.a(intr_alloc.o)
                                         0x14 (size before relaxing)
 .iram1.14.literal
                0x0000000040080508        0xc /home/s/eclipse-workspace/Serv/build/esp32/libesp32.a(intr_alloc.o)
                                         0x28 (size before relaxing)
 .iram1.15.literal
                0x0000000040080514        0xc /home/s/eclipse-workspace/Serv/build/esp32/libesp32.a(intr_alloc.o)
                                         0x10 (size before relaxing)
 .iram1.16.literal
                0x0000000040080520        0x0 /home/s/eclipse-workspace/Serv/build/esp32/libesp32.a(intr_alloc.o)
                                          0xc (size before relaxing)
 .iram1.20.literal
                0x0000000040080520        0x4 /home/s/eclipse-workspace/Serv/build/esp32/libesp32.a(esp_timer.o)
 .iram1.17.literal
                0x0000000040080524        0x4 /home/s/eclipse-workspace/Serv/build/esp32/libesp32.a(esp_timer.o)
                                          0x8 (size before relaxing)
 .iram1.18.literal
                0x0000000040080528        0x0 /home/s/eclipse-workspace/Serv/build/esp32/libesp32.a(esp_timer.o)
                                          0x8 (size before relaxing)
 .iram1.14.literal
                0x0000000040080528       0x10 /home/s/eclipse-workspace/Serv/build/esp32/libesp32.a(esp_timer.o)
                                         0x20 (size before relaxing)
 .iram1.19.literal
                0x0000000040080538        0x4 /home/s/eclipse-workspace/Serv/build/esp32/libesp32.a(esp_timer.o)
                                          0xc (size before relaxing)
 .iram1.22.literal
                0x000000004008053c        0x0 /home/s/eclipse-workspace/Serv/build/esp32/libesp32.a(esp_timer.o)
                                          0x4 (size before relaxing)
 .iram1.15.literal
                0x000000004008053c       0x28 /home/s/eclipse-workspace/Serv/build/esp32/libesp32.a(dport_access.o)
                                         0x2c (size before relaxing)
 .iram1.16.literal
                0x0000000040080564        0xc /home/s/eclipse-workspace/Serv/build/esp32/libesp32.a(dport_access.o)
                                         0x2c (size before relaxing)
 .iram1.19.literal
                0x0000000040080570        0x0 /home/s/eclipse-workspace/Serv/build/esp32/libesp32.a(dport_access.o)
                                         0x10 (size before relaxing)
 .iram1.20.literal
                0x0000000040080570        0x0 /home/s/eclipse-workspace/Serv/build/esp32/libesp32.a(dport_access.o)
                                          0x4 (size before relaxing)
 .iram1.23.literal
                0x0000000040080570        0x4 /home/s/eclipse-workspace/Serv/build/esp32/libesp32.a(dport_access.o)
 .iram1.24.literal
                0x0000000040080574        0x0 /home/s/eclipse-workspace/Serv/build/esp32/libesp32.a(dport_access.o)
                                          0x4 (size before relaxing)
 .iram1.22.literal
                0x0000000040080574       0x48 /home/s/eclipse-workspace/Serv/build/esp32/libesp32.a(system_api.o)
                                         0xb0 (size before relaxing)
 .iram1.14.literal
                0x00000000400805bc        0x4 /home/s/eclipse-workspace/Serv/build/esp32/libesp32.a(int_wdt.o)
                                          0xc (size before relaxing)
 .iram1.literal
                0x00000000400805c0       0x10 /home/s/eclipse-workspace/Serv/build/esp32/libesp32.a(dport_panic_highint_hdl.o)
                                         0x28 (size before relaxing)
 .iram1.15.literal
                0x00000000400805d0       0x40 /home/s/eclipse-workspace/Serv/build/esp32/libesp32.a(esp_timer_esp32.o)
                                         0x4c (size before relaxing)
 .iram1.13.literal
                0x0000000040080610        0x4 /home/s/eclipse-workspace/Serv/build/esp32/libesp32.a(esp_timer_esp32.o)
                                         0x20 (size before relaxing)
 .iram1.14.literal
                0x0000000040080614       0x10 /home/s/eclipse-workspace/Serv/build/esp32/libesp32.a(esp_timer_esp32.o)
                                         0x4c (size before relaxing)
 .iram1.10.literal
                0x0000000040080624        0x4 /home/s/eclipse-workspace/Serv/build/esp32/libesp32.a(freertos_hooks.o)
 .iram1.11.literal
                0x0000000040080628       0x20 /home/s/eclipse-workspace/Serv/build/esp32/libesp32.a(ipc.o)
                                         0x34 (size before relaxing)
 .iram1.11.literal
                0x0000000040080648        0x4 /home/s/eclipse-workspace/Serv/build/freertos/libfreertos.a(port.o)
 .iram1.literal
                0x000000004008064c       0x44 /home/s/eclipse-workspace/Serv/build/freertos/libfreertos.a(xtensa_vectors.o)
                                         0x68 (size before relaxing)
 .iram1.18.literal
                0x0000000040080690        0x4 /home/s/eclipse-workspace/Serv/build/heap/libheap.a(heap_caps.o)
 .iram1.11.literal
                0x0000000040080694       0x24 /home/s/eclipse-workspace/Serv/build/heap/libheap.a(heap_caps.o)
                                         0x34 (size before relaxing)
 .iram1.12.literal
                0x00000000400806b8        0x4 /home/s/eclipse-workspace/Serv/build/heap/libheap.a(heap_caps.o)
                                         0x18 (size before relaxing)
 .iram1.13.literal
                0x00000000400806bc        0xc /home/s/eclipse-workspace/Serv/build/heap/libheap.a(heap_caps.o)
                                         0x20 (size before relaxing)
 .iram1.19.literal
                0x00000000400806c8       0x10 /home/s/eclipse-workspace/Serv/build/heap/libheap.a(heap_caps.o)
                                         0x20 (size before relaxing)
 .iram1.20.literal
                0x00000000400806d8       0x10 /home/s/eclipse-workspace/Serv/build/heap/libheap.a(heap_caps.o)
                                         0x38 (size before relaxing)
 .iram1.14.literal
                0x00000000400806e8        0x0 /home/s/eclipse-workspace/Serv/build/heap/libheap.a(heap_caps.o)
                                         0x20 (size before relaxing)
 .iram1.11.literal
                0x00000000400806e8       0x20 /home/s/eclipse-workspace/Serv/build/log/liblog.a(log.o)
                                         0x34 (size before relaxing)
 .iram1.12.literal
                0x0000000040080708        0x0 /home/s/eclipse-workspace/Serv/build/log/liblog.a(log.o)
                                          0x8 (size before relaxing)
 .iram1.13.literal
                0x0000000040080708        0x4 /home/s/eclipse-workspace/Serv/build/log/liblog.a(log.o)
                                         0x14 (size before relaxing)
 .iram1.12.literal
                0x000000004008070c        0xc /home/s/eclipse-workspace/Serv/build/newlib/libnewlib.a(time.o)
                                         0x18 (size before relaxing)
 .iram1.11.literal
                0x0000000040080718        0x0 /home/s/eclipse-workspace/Serv/build/newlib/libnewlib.a(time.o)
                                          0x8 (size before relaxing)
 .iram1.0.literal
                0x0000000040080718        0x8 /home/s/eclipse-workspace/Serv/build/newlib/libnewlib.a(reent_init.o)
                                         0x10 (size before relaxing)
 .iram1.10.literal
                0x0000000040080720        0x0 /home/s/eclipse-workspace/Serv/build/newlib/libnewlib.a(syscalls.o)
                                          0x4 (size before relaxing)
 .iram1.11.literal
                0x0000000040080720        0x0 /home/s/eclipse-workspace/Serv/build/newlib/libnewlib.a(syscalls.o)
                                          0x4 (size before relaxing)
 .iram1.12.literal
                0x0000000040080720        0x0 /home/s/eclipse-workspace/Serv/build/newlib/libnewlib.a(syscalls.o)
                                          0x4 (size before relaxing)
 .iram1.13.literal
                0x0000000040080720        0x8 /home/s/eclipse-workspace/Serv/build/newlib/libnewlib.a(syscalls.o)
 .iram1.11.literal
                0x0000000040080728        0x4 /home/s/eclipse-workspace/Serv/build/newlib/libnewlib.a(locks.o)
                                         0x1c (size before relaxing)
 .iram1.15.literal
                0x000000004008072c        0xc /home/s/eclipse-workspace/Serv/build/newlib/libnewlib.a(locks.o)
                                         0x38 (size before relaxing)
 .iram1.20.literal
                0x0000000040080738        0x0 /home/s/eclipse-workspace/Serv/build/newlib/libnewlib.a(locks.o)
                                         0x18 (size before relaxing)
 .iram1.12.literal
                0x0000000040080738        0x0 /home/s/eclipse-workspace/Serv/build/newlib/libnewlib.a(locks.o)
                                          0x4 (size before relaxing)
 .iram1.13.literal
                0x0000000040080738        0x0 /home/s/eclipse-workspace/Serv/build/newlib/libnewlib.a(locks.o)
                                          0x4 (size before relaxing)
 .iram1.14.literal
                0x0000000040080738        0x4 /home/s/eclipse-workspace/Serv/build/newlib/libnewlib.a(locks.o)
                                         0x28 (size before relaxing)
 .iram1.16.literal
                0x000000004008073c        0x0 /home/s/eclipse-workspace/Serv/build/newlib/libnewlib.a(locks.o)
                                          0x4 (size before relaxing)
 .iram1.17.literal
                0x000000004008073c        0x0 /home/s/eclipse-workspace/Serv/build/newlib/libnewlib.a(locks.o)
                                          0x4 (size before relaxing)
 .iram1.18.literal
                0x000000004008073c        0x0 /home/s/eclipse-workspace/Serv/build/newlib/libnewlib.a(locks.o)
                                          0x4 (size before relaxing)
 .iram1.19.literal
                0x000000004008073c        0x0 /home/s/eclipse-workspace/Serv/build/newlib/libnewlib.a(locks.o)
                                          0x4 (size before relaxing)
 .iram1.21.literal
                0x000000004008073c        0x0 /home/s/eclipse-workspace/Serv/build/newlib/libnewlib.a(locks.o)
                                          0x4 (size before relaxing)
 .iram1.22.literal
                0x000000004008073c        0x0 /home/s/eclipse-workspace/Serv/build/newlib/libnewlib.a(locks.o)
                                          0x4 (size before relaxing)
 .iram1.0.literal
                0x000000004008073c       0x18 /home/s/eclipse-workspace/Serv/build/soc/libsoc.a(cpu_util.o)
 .iram1.1.literal
                0x0000000040080754        0x0 /home/s/eclipse-workspace/Serv/build/soc/libsoc.a(cpu_util.o)
                                         0x10 (size before relaxing)
 .iram1.2.literal
                0x0000000040080754        0x0 /home/s/eclipse-workspace/Serv/build/soc/libsoc.a(cpu_util.o)
                                          0x4 (size before relaxing)
 .iram1.3.literal
                0x0000000040080754        0x4 /home/s/eclipse-workspace/Serv/build/soc/libsoc.a(cpu_util.o)
 .iram1.28.literal
                0x0000000040080758       0x10 /home/s/eclipse-workspace/Serv/build/spi_flash/libspi_flash.a(cache_utils.o)
                                         0x20 (size before relaxing)
 .iram1.22.literal
                0x0000000040080768        0xc /home/s/eclipse-workspace/Serv/build/spi_flash/libspi_flash.a(cache_utils.o)
                                         0x20 (size before relaxing)
 .iram1.27.literal
                0x0000000040080774        0x8 /home/s/eclipse-workspace/Serv/build/spi_flash/libspi_flash.a(cache_utils.o)
                                         0x30 (size before relaxing)
 .iram1.23.literal
                0x000000004008077c       0x20 /home/s/eclipse-workspace/Serv/build/spi_flash/libspi_flash.a(cache_utils.o)
                                         0x64 (size before relaxing)
 .iram1.24.literal
                0x000000004008079c        0xc /home/s/eclipse-workspace/Serv/build/spi_flash/libspi_flash.a(cache_utils.o)
                                         0x44 (size before relaxing)
 .iram1.29.literal
                0x00000000400807a8        0x0 /home/s/eclipse-workspace/Serv/build/spi_flash/libspi_flash.a(cache_utils.o)
                                         0x10 (size before relaxing)
 .iram1.22.literal
                0x00000000400807a8        0x4 /home/s/eclipse-workspace/Serv/build/spi_flash/libspi_flash.a(flash_ops.o)
 .iram1.22.literal
                0x00000000400807ac        0x8 /home/s/eclipse-workspace/Serv/build/spi_flash/libspi_flash.a(flash_mmap.o)
 .iram1.21.literal
                0x00000000400807b4        0xc /home/s/eclipse-workspace/Serv/build/spi_flash/libspi_flash.a(flash_mmap.o)
                                         0x18 (size before relaxing)
 .iram1.27.literal
                0x00000000400807c0        0x0 /home/s/eclipse-workspace/Serv/build/spi_flash/libspi_flash.a(flash_mmap.o)
                                         0x10 (size before relaxing)
 .iram1.30.literal
                0x00000000400807c0       0x10 /home/s/eclipse-workspace/Serv/build/spi_flash/libspi_flash.a(flash_mmap.o)
                                         0x28 (size before relaxing)
 .iram1.24.literal
                0x00000000400807d0       0x30 /home/s/eclipse-workspace/Serv/build/spi_flash/libspi_flash.a(flash_mmap.o)
                                         0x88 (size before relaxing)
 .iram1.23.literal
                0x0000000040080800        0x4 /home/s/eclipse-workspace/Serv/build/spi_flash/libspi_flash.a(flash_mmap.o)
                                         0x18 (size before relaxing)
 .iram1.25.literal
                0x0000000040080804        0xc /home/s/eclipse-workspace/Serv/build/spi_flash/libspi_flash.a(flash_mmap.o)
                                         0x34 (size before relaxing)
 .literal.prvGetFreeSize
                0x0000000040080810        0xc /home/s/eclipse-workspace/Serv/build/esp_ringbuf/libesp_ringbuf.a(ringbuf.o)
                                         0x14 (size before relaxing)
 .literal.prvReceiveGeneric
                0x000000004008081c        0x4 /home/s/eclipse-workspace/Serv/build/esp_ringbuf/libesp_ringbuf.a(ringbuf.o)
                                         0x3c (size before relaxing)
 .literal.xRingbufferSend
                0x0000000040080820        0x4 /home/s/eclipse-workspace/Serv/build/esp_ringbuf/libesp_ringbuf.a(ringbuf.o)
                                         0x40 (size before relaxing)
 .literal.xRingbufferReceive
                0x0000000040080824        0x4 /home/s/eclipse-workspace/Serv/build/esp_ringbuf/libesp_ringbuf.a(ringbuf.o)
                                         0x18 (size before relaxing)
 .literal.vRingbufferReturnItem
                0x0000000040080828        0x4 /home/s/eclipse-workspace/Serv/build/esp_ringbuf/libesp_ringbuf.a(ringbuf.o)
                                         0x28 (size before relaxing)
 .literal       0x000000004008082c        0x4 /home/s/eclipse/esp-idf/components/esp32/libhal.a(windowspill_asm.o)
 .literal.panicPutChar
                0x0000000040080830        0x4 /home/s/eclipse-workspace/Serv/build/esp32/libesp32.a(panic.o)
                                          0x8 (size before relaxing)
 .literal.panicPutStr
                0x0000000040080834        0x0 /home/s/eclipse-workspace/Serv/build/esp32/libesp32.a(panic.o)
                                          0x4 (size before relaxing)
 .literal.panicPutHex
                0x0000000040080834        0x0 /home/s/eclipse-workspace/Serv/build/esp32/libesp32.a(panic.o)
                                          0x8 (size before relaxing)
 .literal.panicPutDec
                0x0000000040080834        0x4 /home/s/eclipse-workspace/Serv/build/esp32/libesp32.a(panic.o)
                                         0x10 (size before relaxing)
 .literal.illegal_instruction_helper
                0x0000000040080838       0x18 /home/s/eclipse-workspace/Serv/build/esp32/libesp32.a(panic.o)
                                         0x3c (size before relaxing)
 .literal.reconfigureAllWdts
                0x0000000040080850       0x10 /home/s/eclipse-workspace/Serv/build/esp32/libesp32.a(panic.o)
                                         0x24 (size before relaxing)
 .literal.putEntry
                0x0000000040080860       0x10 /home/s/eclipse-workspace/Serv/build/esp32/libesp32.a(panic.o)
                                         0x20 (size before relaxing)
 .literal.doBacktrace
                0x0000000040080870       0x10 /home/s/eclipse-workspace/Serv/build/esp32/libesp32.a(panic.o)
                                         0x24 (size before relaxing)
 .literal.invoke_abort
                0x0000000040080880        0x4 /home/s/eclipse-workspace/Serv/build/esp32/libesp32.a(panic.o)
                                          0x8 (size before relaxing)
 .literal.haltOtherCore
                0x0000000040080884        0x0 /home/s/eclipse-workspace/Serv/build/esp32/libesp32.a(panic.o)
                                          0x4 (size before relaxing)
 .literal.commonErrorHandler_dump
                0x0000000040080884       0x2c /home/s/eclipse-workspace/Serv/build/esp32/libesp32.a(panic.o)
                                         0x90 (size before relaxing)
 .literal.esp_panic_dig_reset
                0x00000000400808b0        0x0 /home/s/eclipse-workspace/Serv/build/esp32/libesp32.a(panic.o)
                                         0x18 (size before relaxing)
 .literal.commonErrorHandler
                0x00000000400808b0        0x8 /home/s/eclipse-workspace/Serv/build/esp32/libesp32.a(panic.o)
                                         0x4c (size before relaxing)
 .literal.esp_error_check_failed_print
                0x00000000400808b8       0x14 /home/s/eclipse-workspace/Serv/build/esp32/libesp32.a(panic.o)
                                         0x2c (size before relaxing)
 .literal.abort
                0x00000000400808cc        0x8 /home/s/eclipse-workspace/Serv/build/esp32/libesp32.a(panic.o)
                                         0x18 (size before relaxing)
 .literal.vApplicationStackOverflowHook
                0x00000000400808d4        0x8 /home/s/eclipse-workspace/Serv/build/esp32/libesp32.a(panic.o)
                                         0x18 (size before relaxing)
 .literal.panicHandler
                0x00000000400808dc       0x34 /home/s/eclipse-workspace/Serv/build/esp32/libesp32.a(panic.o)
                                         0xa8 (size before relaxing)
 .literal.xt_unhandled_exception
                0x0000000040080910       0x18 /home/s/eclipse-workspace/Serv/build/esp32/libesp32.a(panic.o)
                                         0x68 (size before relaxing)
 .literal._esp_error_check_failed
                0x0000000040080928        0x4 /home/s/eclipse-workspace/Serv/build/esp32/libesp32.a(panic.o)
                                          0xc (size before relaxing)
 .literal.rtc_init
                0x000000004008092c       0x9c /home/s/eclipse-workspace/Serv/build/soc/libsoc.a(rtc_init.o)
                                         0xdc (size before relaxing)
 .literal.rtc_clk_cal_internal
                0x00000000400809c8       0x38 /home/s/eclipse-workspace/Serv/build/soc/libsoc.a(rtc_time.o)
                                         0x68 (size before relaxing)
 .literal.rtc_clk_cal
                0x0000000040080a00        0x0 /home/s/eclipse-workspace/Serv/build/soc/libsoc.a(rtc_time.o)
                                          0xc (size before relaxing)
 .literal.rtc_time_get
                0x0000000040080a00       0x10 /home/s/eclipse-workspace/Serv/build/soc/libsoc.a(rtc_time.o)
                                         0x18 (size before relaxing)
 .literal.rtc_clk_wait_for_slow_cycle
                0x0000000040080a10        0x8 /home/s/eclipse-workspace/Serv/build/soc/libsoc.a(rtc_time.o)
                                         0x20 (size before relaxing)
 .literal.rtc_wdt_get_protect_status
                0x0000000040080a18        0x8 /home/s/eclipse-workspace/Serv/build/soc/libsoc.a(rtc_wdt.o)
 .literal.rtc_wdt_protect_off
                0x0000000040080a20        0x0 /home/s/eclipse-workspace/Serv/build/soc/libsoc.a(rtc_wdt.o)
                                          0x8 (size before relaxing)
 .literal.rtc_wdt_protect_on
                0x0000000040080a20        0x0 /home/s/eclipse-workspace/Serv/build/soc/libsoc.a(rtc_wdt.o)
                                          0x4 (size before relaxing)
 .literal.rtc_wdt_enable
                0x0000000040080a20        0xc /home/s/eclipse-workspace/Serv/build/soc/libsoc.a(rtc_wdt.o)
                                         0x10 (size before relaxing)
 .literal.rtc_wdt_feed
                0x0000000040080a2c        0x0 /home/s/eclipse-workspace/Serv/build/soc/libsoc.a(rtc_wdt.o)
                                         0x14 (size before relaxing)
 .literal.rtc_wdt_set_time
                0x0000000040080a2c       0x14 /home/s/eclipse-workspace/Serv/build/soc/libsoc.a(rtc_wdt.o)
                                         0x20 (size before relaxing)
 .literal.rtc_wdt_set_stage
                0x0000000040080a40        0x8 /home/s/eclipse-workspace/Serv/build/soc/libsoc.a(rtc_wdt.o)
                                         0x14 (size before relaxing)
 .literal.rtc_wdt_disable
                0x0000000040080a48        0x0 /home/s/eclipse-workspace/Serv/build/soc/libsoc.a(rtc_wdt.o)
                                         0x2c (size before relaxing)
 .literal.rtc_wdt_set_length_of_reset_signal
                0x0000000040080a48        0x8 /home/s/eclipse-workspace/Serv/build/soc/libsoc.a(rtc_wdt.o)
                                          0xc (size before relaxing)
 .literal.rtc_wdt_is_on
                0x0000000040080a50        0x0 /home/s/eclipse-workspace/Serv/build/soc/libsoc.a(rtc_wdt.o)
                                          0x4 (size before relaxing)
 .literal.rtc_clk_32k_enable_common
                0x0000000040080a50       0x14 /home/s/eclipse-workspace/Serv/build/soc/libsoc.a(rtc_clk.o)
 .literal.rtc_clk_bbpll_disable
                0x0000000040080a64        0x8 /home/s/eclipse-workspace/Serv/build/soc/libsoc.a(rtc_clk.o)
                                         0x10 (size before relaxing)
 .literal.rtc_clk_bbpll_enable
                0x0000000040080a6c        0x8 /home/s/eclipse-workspace/Serv/build/soc/libsoc.a(rtc_clk.o)
                                         0x1c (size before relaxing)
 .literal.rtc_clk_32k_enable
                0x0000000040080a74        0x0 /home/s/eclipse-workspace/Serv/build/soc/libsoc.a(rtc_clk.o)
                                          0xc (size before relaxing)
 .literal.rtc_clk_32k_enable_external
                0x0000000040080a74        0x0 /home/s/eclipse-workspace/Serv/build/soc/libsoc.a(rtc_clk.o)
                                          0x4 (size before relaxing)
 .literal.rtc_clk_8m_enable
                0x0000000040080a74        0x0 /home/s/eclipse-workspace/Serv/build/soc/libsoc.a(rtc_clk.o)
                                         0x10 (size before relaxing)
 .literal.rtc_clk_slow_freq_set
                0x0000000040080a74        0x0 /home/s/eclipse-workspace/Serv/build/soc/libsoc.a(rtc_clk.o)
                                          0xc (size before relaxing)
 .literal.rtc_clk_slow_freq_get
                0x0000000040080a74        0x0 /home/s/eclipse-workspace/Serv/build/soc/libsoc.a(rtc_clk.o)
                                          0x4 (size before relaxing)
 .literal.rtc_clk_slow_freq_get_hz
                0x0000000040080a74        0x0 /home/s/eclipse-workspace/Serv/build/soc/libsoc.a(rtc_clk.o)
                                         0x10 (size before relaxing)
 .literal.rtc_clk_fast_freq_set
                0x0000000040080a74        0x0 /home/s/eclipse-workspace/Serv/build/soc/libsoc.a(rtc_clk.o)
                                          0xc (size before relaxing)
 .literal.rtc_clk_bbpll_configure
                0x0000000040080a74        0x8 /home/s/eclipse-workspace/Serv/build/soc/libsoc.a(rtc_clk.o)
                                         0x3c (size before relaxing)
 .literal.rtc_clk_xtal_freq_get
                0x0000000040080a7c        0x8 /home/s/eclipse-workspace/Serv/build/soc/libsoc.a(rtc_clk.o)
 .literal.rtc_clk_cpu_freq_mhz_to_config
                0x0000000040080a84        0x0 /home/s/eclipse-workspace/Serv/build/soc/libsoc.a(rtc_clk.o)
                                          0x4 (size before relaxing)
 .literal.rtc_clk_cpu_freq_get_config
                0x0000000040080a84       0x10 /home/s/eclipse-workspace/Serv/build/soc/libsoc.a(rtc_clk.o)
                                         0x34 (size before relaxing)
 .literal.rtc_clk_apb_freq_update
                0x0000000040080a94        0x4 /home/s/eclipse-workspace/Serv/build/soc/libsoc.a(rtc_clk.o)
 .literal.rtc_clk_cpu_freq_to_xtal
                0x0000000040080a98        0xc /home/s/eclipse-workspace/Serv/build/soc/libsoc.a(rtc_clk.o)
                                         0x34 (size before relaxing)
 .literal.rtc_clk_cpu_freq_set_xtal
                0x0000000040080aa4        0x0 /home/s/eclipse-workspace/Serv/build/soc/libsoc.a(rtc_clk.o)
                                         0x10 (size before relaxing)
 .literal.rtc_clk_cpu_freq_to_pll_mhz
                0x0000000040080aa4        0x8 /home/s/eclipse-workspace/Serv/build/soc/libsoc.a(rtc_clk.o)
                                         0x40 (size before relaxing)
 .literal.rtc_clk_cpu_freq_to_8m
                0x0000000040080aac        0x4 /home/s/eclipse-workspace/Serv/build/soc/libsoc.a(rtc_clk.o)
                                         0x2c (size before relaxing)
 .literal.rtc_clk_cpu_freq_set_config
                0x0000000040080ab0        0x0 /home/s/eclipse-workspace/Serv/build/soc/libsoc.a(rtc_clk.o)
                                         0x30 (size before relaxing)
 .literal.rtc_clk_apb_freq_get
                0x0000000040080ab0        0x4 /home/s/eclipse-workspace/Serv/build/soc/libsoc.a(rtc_clk.o)
                                         0x10 (size before relaxing)
 .literal.xt_unhandled_interrupt
                0x0000000040080ab4        0x4 /home/s/eclipse-workspace/Serv/build/freertos/libfreertos.a(xtensa_intr.o)
                                          0x8 (size before relaxing)
 .literal.xt_set_interrupt_handler
                0x0000000040080ab8        0x8 /home/s/eclipse-workspace/Serv/build/freertos/libfreertos.a(xtensa_intr.o)
                                          0xc (size before relaxing)
 .literal.prvIsQueueFull
                0x0000000040080ac0        0x0 /home/s/eclipse-workspace/Serv/build/freertos/libfreertos.a(queue.o)
                                          0x8 (size before relaxing)
 .literal.prvCopyDataToQueue
                0x0000000040080ac0        0x0 /home/s/eclipse-workspace/Serv/build/freertos/libfreertos.a(queue.o)
                                          0xc (size before relaxing)
 .literal.prvNotifyQueueSetContainer
                0x0000000040080ac0       0x14 /home/s/eclipse-workspace/Serv/build/freertos/libfreertos.a(queue.o)
                                         0x34 (size before relaxing)
 .literal.prvCopyDataFromQueue
                0x0000000040080ad4        0x0 /home/s/eclipse-workspace/Serv/build/freertos/libfreertos.a(queue.o)
                                          0x4 (size before relaxing)
 .literal.xQueueGenericReset
                0x0000000040080ad4        0x4 /home/s/eclipse-workspace/Serv/build/freertos/libfreertos.a(queue.o)
                                         0x30 (size before relaxing)
 .literal.prvInitialiseNewQueue
                0x0000000040080ad8        0x0 /home/s/eclipse-workspace/Serv/build/freertos/libfreertos.a(queue.o)
                                          0x4 (size before relaxing)
 .literal.xQueueGenericCreate
                0x0000000040080ad8        0x4 /home/s/eclipse-workspace/Serv/build/freertos/libfreertos.a(queue.o)
                                         0x1c (size before relaxing)
 .literal.xQueueGetMutexHolder
                0x0000000040080adc        0x0 /home/s/eclipse-workspace/Serv/build/freertos/libfreertos.a(queue.o)
                                          0x8 (size before relaxing)
 .literal.xQueueCreateCountingSemaphore
                0x0000000040080adc        0x4 /home/s/eclipse-workspace/Serv/build/freertos/libfreertos.a(queue.o)
                                         0x28 (size before relaxing)
 .literal.xQueueGenericSend
                0x0000000040080ae0        0x4 /home/s/eclipse-workspace/Serv/build/freertos/libfreertos.a(queue.o)
                                         0x7c (size before relaxing)
 .literal.prvInitialiseMutex
                0x0000000040080ae4        0x0 /home/s/eclipse-workspace/Serv/build/freertos/libfreertos.a(queue.o)
                                          0x8 (size before relaxing)
 .literal.xQueueCreateMutex
                0x0000000040080ae4        0x0 /home/s/eclipse-workspace/Serv/build/freertos/libfreertos.a(queue.o)
                                          0x8 (size before relaxing)
 .literal.xQueueGiveMutexRecursive
                0x0000000040080ae4        0x4 /home/s/eclipse-workspace/Serv/build/freertos/libfreertos.a(queue.o)
                                         0x1c (size before relaxing)
 .literal.xQueueGenericSendFromISR
                0x0000000040080ae8        0x4 /home/s/eclipse-workspace/Serv/build/freertos/libfreertos.a(queue.o)
                                         0x3c (size before relaxing)
 .literal.xQueueGiveFromISR
                0x0000000040080aec        0x4 /home/s/eclipse-workspace/Serv/build/freertos/libfreertos.a(queue.o)
                                         0x30 (size before relaxing)
 .literal.xQueueGenericReceive
                0x0000000040080af0        0x4 /home/s/eclipse-workspace/Serv/build/freertos/libfreertos.a(queue.o)
                                         0x78 (size before relaxing)
 .literal.xQueueTakeMutexRecursive
                0x0000000040080af4        0x4 /home/s/eclipse-workspace/Serv/build/freertos/libfreertos.a(queue.o)
                                         0x1c (size before relaxing)
 .literal.xQueueReceiveFromISR
                0x0000000040080af8        0x4 /home/s/eclipse-workspace/Serv/build/freertos/libfreertos.a(queue.o)
                                         0x30 (size before relaxing)
 .literal.vQueueDelete
                0x0000000040080afc        0x4 /home/s/eclipse-workspace/Serv/build/freertos/libfreertos.a(queue.o)
                                         0x18 (size before relaxing)
 .literal.vQueueWaitForMessageRestricted
                0x0000000040080b00        0x0 /home/s/eclipse-workspace/Serv/build/freertos/libfreertos.a(queue.o)
                                          0xc (size before relaxing)
 .literal._xt_tick_divisor_init
                0x0000000040080b00        0x8 /home/s/eclipse-workspace/Serv/build/freertos/libfreertos.a(xtensa_init.o)
                                          0xc (size before relaxing)
 .literal.vPortTaskWrapper
                0x0000000040080b08        0x8 /home/s/eclipse-workspace/Serv/build/freertos/libfreertos.a(port.o)
                                         0x18 (size before relaxing)
 .literal.pxPortInitialiseStack
                0x0000000040080b10       0x14 /home/s/eclipse-workspace/Serv/build/freertos/libfreertos.a(port.o)
                                         0x1c (size before relaxing)
 .literal.xPortStartScheduler
                0x0000000040080b24        0x0 /home/s/eclipse-workspace/Serv/build/freertos/libfreertos.a(port.o)
                                         0x14 (size before relaxing)
 .literal.xPortSysTickHandler
                0x0000000040080b24        0x0 /home/s/eclipse-workspace/Serv/build/freertos/libfreertos.a(port.o)
                                          0x8 (size before relaxing)
 .literal.vPortYieldOtherCore
                0x0000000040080b24        0x0 /home/s/eclipse-workspace/Serv/build/freertos/libfreertos.a(port.o)
                                          0x4 (size before relaxing)
 .literal.vPortReleaseTaskMPUSettings
                0x0000000040080b24        0x0 /home/s/eclipse-workspace/Serv/build/freertos/libfreertos.a(port.o)
                                          0x4 (size before relaxing)
 .literal.xPortInIsrContext
                0x0000000040080b24        0x0 /home/s/eclipse-workspace/Serv/build/freertos/libfreertos.a(port.o)
                                          0x8 (size before relaxing)
 .literal.vPortCPUInitializeMutex
                0x0000000040080b24        0x4 /home/s/eclipse-workspace/Serv/build/freertos/libfreertos.a(port.o)
 .literal.vPortCPUAcquireMutex
                0x0000000040080b28       0x1c /home/s/eclipse-workspace/Serv/build/freertos/libfreertos.a(port.o)
                                         0x30 (size before relaxing)
 .literal.vPortCPUReleaseMutex
                0x0000000040080b44        0xc /home/s/eclipse-workspace/Serv/build/freertos/libfreertos.a(port.o)
                                         0x20 (size before relaxing)
 .literal.prvResetNextTaskUnblockTime
                0x0000000040080b50        0x8 /home/s/eclipse-workspace/Serv/build/freertos/libfreertos.a(tasks.o)
 .literal.prvDeleteTLS
                0x0000000040080b58       0x10 /home/s/eclipse-workspace/Serv/build/freertos/libfreertos.a(tasks.o)
                                         0x18 (size before relaxing)
 .literal.prvInitialiseNewTask
                0x0000000040080b68        0x0 /home/s/eclipse-workspace/Serv/build/freertos/libfreertos.a(tasks.o)
                                         0x18 (size before relaxing)
 .literal.prvInitialiseTaskLists
                0x0000000040080b68       0x20 /home/s/eclipse-workspace/Serv/build/freertos/libfreertos.a(tasks.o)
                                         0x40 (size before relaxing)
 .literal.prvDeleteTCB
                0x0000000040080b88        0x8 /home/s/eclipse-workspace/Serv/build/freertos/libfreertos.a(tasks.o)
                                         0x2c (size before relaxing)
 .literal.prvAddCurrentTaskToDelayedList
                0x0000000040080b90        0x4 /home/s/eclipse-workspace/Serv/build/freertos/libfreertos.a(tasks.o)
                                         0x1c (size before relaxing)
 .literal.taskYIELD_OTHER_CORE
                0x0000000040080b94        0x0 /home/s/eclipse-workspace/Serv/build/freertos/libfreertos.a(tasks.o)
                                         0x10 (size before relaxing)
 .literal.vTaskSuspendAll
                0x0000000040080b94        0x4 /home/s/eclipse-workspace/Serv/build/freertos/libfreertos.a(tasks.o)
                                          0x8 (size before relaxing)
 .literal.xTaskGetTickCount
                0x0000000040080b98        0x0 /home/s/eclipse-workspace/Serv/build/freertos/libfreertos.a(tasks.o)
                                          0x4 (size before relaxing)
 .literal.xTaskGetIdleTaskHandleForCPU
                0x0000000040080b98        0xc /home/s/eclipse-workspace/Serv/build/freertos/libfreertos.a(tasks.o)
                                         0x1c (size before relaxing)
 .literal.vTaskSwitchContext
                0x0000000040080ba4       0x18 /home/s/eclipse-workspace/Serv/build/freertos/libfreertos.a(tasks.o)
                                         0x3c (size before relaxing)
 .literal.vTaskSetTimeOutState
                0x0000000040080bbc        0xc /home/s/eclipse-workspace/Serv/build/freertos/libfreertos.a(tasks.o)
                                         0x20 (size before relaxing)
 .literal.xTaskGetCurrentTaskHandle
                0x0000000040080bc8        0x0 /home/s/eclipse-workspace/Serv/build/freertos/libfreertos.a(tasks.o)
                                          0x8 (size before relaxing)
 .literal.__getreent
                0x0000000040080bc8        0x0 /home/s/eclipse-workspace/Serv/build/freertos/libfreertos.a(tasks.o)
                                          0x8 (size before relaxing)
 .literal.pcTaskGetTaskName
                0x0000000040080bc8        0x8 /home/s/eclipse-workspace/Serv/build/freertos/libfreertos.a(tasks.o)
                                         0x1c (size before relaxing)
 .literal.xTaskGetAffinity
                0x0000000040080bd0        0x0 /home/s/eclipse-workspace/Serv/build/freertos/libfreertos.a(tasks.o)
                                          0x4 (size before relaxing)
 .literal.xTaskGetCurrentTaskHandleForCPU
                0x0000000040080bd0        0x0 /home/s/eclipse-workspace/Serv/build/freertos/libfreertos.a(tasks.o)
                                          0x4 (size before relaxing)
 .literal.xTaskGetSchedulerState
                0x0000000040080bd0        0x4 /home/s/eclipse-workspace/Serv/build/freertos/libfreertos.a(tasks.o)
                                          0xc (size before relaxing)
 .literal.vTaskEnterCritical
                0x0000000040080bd4       0x14 /home/s/eclipse-workspace/Serv/build/freertos/libfreertos.a(tasks.o)
                                         0x34 (size before relaxing)
 .literal.vTaskExitCritical
                0x0000000040080be8        0xc /home/s/eclipse-workspace/Serv/build/freertos/libfreertos.a(tasks.o)
                                         0x28 (size before relaxing)
 .literal.prvAddNewTaskToReadyList
                0x0000000040080bf4       0x10 /home/s/eclipse-workspace/Serv/build/freertos/libfreertos.a(tasks.o)
                                         0x58 (size before relaxing)
 .literal.xTaskCreatePinnedToCore
                0x0000000040080c04        0x0 /home/s/eclipse-workspace/Serv/build/freertos/libfreertos.a(tasks.o)
                                         0x18 (size before relaxing)
 .literal.vTaskStartScheduler
                0x0000000040080c04       0x10 /home/s/eclipse-workspace/Serv/build/freertos/libfreertos.a(tasks.o)
                                         0x3c (size before relaxing)
 .literal.vTaskDelete
                0x0000000040080c14        0x8 /home/s/eclipse-workspace/Serv/build/freertos/libfreertos.a(tasks.o)
                                         0x60 (size before relaxing)
 .literal.uxTaskPriorityGet
                0x0000000040080c1c        0x0 /home/s/eclipse-workspace/Serv/build/freertos/libfreertos.a(tasks.o)
                                         0x10 (size before relaxing)
 .literal.vTaskPrioritySet
                0x0000000040080c1c        0x4 /home/s/eclipse-workspace/Serv/build/freertos/libfreertos.a(tasks.o)
                                         0x44 (size before relaxing)
 .literal.prvCheckTasksWaitingTermination
                0x0000000040080c20        0x8 /home/s/eclipse-workspace/Serv/build/freertos/libfreertos.a(tasks.o)
                                         0x30 (size before relaxing)
 .literal.prvIdleTask
                0x0000000040080c28        0x0 /home/s/eclipse-workspace/Serv/build/freertos/libfreertos.a(tasks.o)
                                          0x8 (size before relaxing)
 .literal.xTaskIncrementTick
                0x0000000040080c28        0xc /home/s/eclipse-workspace/Serv/build/freertos/libfreertos.a(tasks.o)
                                         0x6c (size before relaxing)
 .literal.xTaskResumeAll
                0x0000000040080c34        0x8 /home/s/eclipse-workspace/Serv/build/freertos/libfreertos.a(tasks.o)
                                         0x5c (size before relaxing)
 .literal.vTaskPlaceOnEventList
                0x0000000040080c3c        0x8 /home/s/eclipse-workspace/Serv/build/freertos/libfreertos.a(tasks.o)
                                         0x40 (size before relaxing)
 .literal.vTaskPlaceOnEventListRestricted
                0x0000000040080c44        0x8 /home/s/eclipse-workspace/Serv/build/freertos/libfreertos.a(tasks.o)
                                         0x38 (size before relaxing)
 .literal.xTaskRemoveFromEventList
                0x0000000040080c4c        0x8 /home/s/eclipse-workspace/Serv/build/freertos/libfreertos.a(tasks.o)
                                         0x58 (size before relaxing)
 .literal.xTaskCheckForTimeOut
                0x0000000040080c54        0xc /home/s/eclipse-workspace/Serv/build/freertos/libfreertos.a(tasks.o)
                                         0x3c (size before relaxing)
 .literal.vTaskPriorityInherit
                0x0000000040080c60        0x0 /home/s/eclipse-workspace/Serv/build/freertos/libfreertos.a(tasks.o)
                                         0x28 (size before relaxing)
 .literal.xTaskPriorityDisinherit
                0x0000000040080c60        0x8 /home/s/eclipse-workspace/Serv/build/freertos/libfreertos.a(tasks.o)
                                         0x3c (size before relaxing)
 .literal.pvTaskIncrementMutexHeldCount
                0x0000000040080c68        0x0 /home/s/eclipse-workspace/Serv/build/freertos/libfreertos.a(tasks.o)
                                         0x10 (size before relaxing)
 .literal.prvGetNextExpireTime
                0x0000000040080c68        0x4 /home/s/eclipse-workspace/Serv/build/freertos/libfreertos.a(timers.o)
 .literal.prvInsertTimerInActiveList
                0x0000000040080c6c        0x4 /home/s/eclipse-workspace/Serv/build/freertos/libfreertos.a(timers.o)
                                         0x10 (size before relaxing)
 .literal.prvCheckForValidListAndQueue
                0x0000000040080c70       0x1c /home/s/eclipse-workspace/Serv/build/freertos/libfreertos.a(timers.o)
                                         0x44 (size before relaxing)
 .literal.xTimerCreateTimerTask
                0x0000000040080c8c        0xc /home/s/eclipse-workspace/Serv/build/freertos/libfreertos.a(timers.o)
                                         0x2c (size before relaxing)
 .literal.xTimerGenericCommand
                0x0000000040080c98        0x0 /home/s/eclipse-workspace/Serv/build/freertos/libfreertos.a(timers.o)
                                         0x14 (size before relaxing)
 .literal.prvSwitchTimerLists
                0x0000000040080c98        0x4 /home/s/eclipse-workspace/Serv/build/freertos/libfreertos.a(timers.o)
                                         0x28 (size before relaxing)
 .literal.prvSampleTimeNow
                0x0000000040080c9c        0x4 /home/s/eclipse-workspace/Serv/build/freertos/libfreertos.a(timers.o)
                                          0xc (size before relaxing)
 .literal.prvProcessExpiredTimer
                0x0000000040080ca0        0x4 /home/s/eclipse-workspace/Serv/build/freertos/libfreertos.a(timers.o)
                                         0x24 (size before relaxing)
 .literal.prvProcessTimerOrBlockTask
                0x0000000040080ca4        0x0 /home/s/eclipse-workspace/Serv/build/freertos/libfreertos.a(timers.o)
                                         0x24 (size before relaxing)
 .literal.prvProcessReceivedCommands
                0x0000000040080ca4        0x8 /home/s/eclipse-workspace/Serv/build/freertos/libfreertos.a(timers.o)
                                         0x40 (size before relaxing)
 .literal.prvTimerTask
                0x0000000040080cac        0x0 /home/s/eclipse-workspace/Serv/build/freertos/libfreertos.a(timers.o)
                                          0xc (size before relaxing)
 .literal       0x0000000040080cac        0x0 /home/s/eclipse-workspace/Serv/build/freertos/libfreertos.a(xtensa_context.o)
                                         0x10 (size before relaxing)
 .literal       0x0000000040080cac        0x8 /home/s/eclipse-workspace/Serv/build/freertos/libfreertos.a(portasm.o)
                                         0x54 (size before relaxing)
 .literal.get_prev_free_block
                0x0000000040080cb4       0x10 /home/s/eclipse-workspace/Serv/build/heap/libheap.a(multi_heap.o)
                                         0x28 (size before relaxing)
 .literal.split_if_necessary
                0x0000000040080cc4       0x10 /home/s/eclipse-workspace/Serv/build/heap/libheap.a(multi_heap.o)
                                         0x50 (size before relaxing)
 .literal.assert_valid_block
                0x0000000040080cd4        0x0 /home/s/eclipse-workspace/Serv/build/heap/libheap.a(multi_heap.o)
                                         0x2c (size before relaxing)
 .literal.merge_adjacent
                0x0000000040080cd4        0x8 /home/s/eclipse-workspace/Serv/build/heap/libheap.a(multi_heap.o)
                                         0x4c (size before relaxing)
 .literal.multi_heap_get_allocated_size_impl
                0x0000000040080cdc        0x0 /home/s/eclipse-workspace/Serv/build/heap/libheap.a(multi_heap.o)
                                         0x10 (size before relaxing)
 .literal.multi_heap_malloc_impl
                0x0000000040080cdc        0x0 /home/s/eclipse-workspace/Serv/build/heap/libheap.a(multi_heap.o)
                                         0x28 (size before relaxing)
 .literal.multi_heap_free_impl
                0x0000000040080cdc        0x0 /home/s/eclipse-workspace/Serv/build/heap/libheap.a(multi_heap.o)
                                         0x50 (size before relaxing)
 .literal.multi_heap_realloc_impl
                0x0000000040080cdc        0xc /home/s/eclipse-workspace/Serv/build/heap/libheap.a(multi_heap.o)
                                         0x68 (size before relaxing)
 .literal       0x0000000040080ce8       0x10 /home/s/eclipse/esp-idf/components/newlib/lib/libm.a(lib_a-s_fpclassify.o)
                                         0x18 (size before relaxing)
 .iram1.21      0x0000000040080cf8       0xc9 /home/s/eclipse-workspace/Serv/build/esp32/libesp32.a(cpu_start.o)
                                        0x125 (size before relaxing)
                0x0000000040080cf8                start_cpu0
                0x0000000040080cf8                start_cpu0_default
 *fill*         0x0000000040080dc1        0x3 
 .iram1.23      0x0000000040080dc4       0x32 /home/s/eclipse-workspace/Serv/build/esp32/libesp32.a(cpu_start.o)
                                         0x46 (size before relaxing)
                0x0000000040080dc4                start_cpu1_default
                0x0000000040080dc4                start_cpu1
 *fill*         0x0000000040080df6        0x2 
 .iram1.25      0x0000000040080df8       0x4c /home/s/eclipse-workspace/Serv/build/esp32/libesp32.a(cpu_start.o)
                                         0x58 (size before relaxing)
 .iram1.24      0x0000000040080e44      0x1b6 /home/s/eclipse-workspace/Serv/build/esp32/libesp32.a(cpu_start.o)
                                        0x212 (size before relaxing)
                0x0000000040080e44                call_start_cpu0
 *fill*         0x0000000040080ffa        0x2 
 .iram1.4       0x0000000040080ffc       0x10 /home/s/eclipse-workspace/Serv/build/esp32/libesp32.a(clk.o)
                0x0000000040080ffc                esp_clk_cpu_freq
 .iram1.5       0x000000004008100c       0x15 /home/s/eclipse-workspace/Serv/build/esp32/libesp32.a(clk.o)
                0x000000004008100c                esp_clk_apb_freq
 *fill*         0x0000000040081021        0x3 
 .iram1.7       0x0000000040081024        0xf /home/s/eclipse-workspace/Serv/build/esp32/libesp32.a(clk.o)
                0x0000000040081024                ets_update_cpu_frequency
 *fill*         0x0000000040081033        0x1 
 .iram1.17      0x0000000040081034       0x52 /home/s/eclipse-workspace/Serv/build/esp32/libesp32.a(crosscore_int.o)
                                         0x5a (size before relaxing)
 *fill*         0x0000000040081086        0x2 
 .iram1.16      0x0000000040081088       0x44 /home/s/eclipse-workspace/Serv/build/esp32/libesp32.a(crosscore_int.o)
                                         0x4c (size before relaxing)
 .iram1.18      0x00000000400810cc        0xf /home/s/eclipse-workspace/Serv/build/esp32/libesp32.a(crosscore_int.o)
                0x00000000400810cc                esp_crosscore_int_send_yield
 *fill*         0x00000000400810db        0x1 
 .iram1.13      0x00000000400810dc       0x2c /home/s/eclipse-workspace/Serv/build/esp32/libesp32.a(cache_err_int.o)
                                         0x34 (size before relaxing)
                0x00000000400810dc                esp_cache_err_get_cpuid
 .iram1.11      0x0000000040081108       0x39 /home/s/eclipse-workspace/Serv/build/esp32/libesp32.a(intr_alloc.o)
                                         0x3c (size before relaxing)
 *fill*         0x0000000040081141        0x3 
 .iram1.13      0x0000000040081144       0x85 /home/s/eclipse-workspace/Serv/build/esp32/libesp32.a(intr_alloc.o)
                                         0x89 (size before relaxing)
                0x0000000040081144                esp_intr_enable
 *fill*         0x00000000400811c9        0x3 
 .iram1.14      0x00000000400811cc       0xc5 /home/s/eclipse-workspace/Serv/build/esp32/libesp32.a(intr_alloc.o)
                                         0xcd (size before relaxing)
                0x00000000400811cc                esp_intr_disable
 *fill*         0x0000000040081291        0x3 
 .iram1.15      0x0000000040081294       0x4c /home/s/eclipse-workspace/Serv/build/esp32/libesp32.a(intr_alloc.o)
                                         0x50 (size before relaxing)
                0x0000000040081294                esp_intr_noniram_disable
 .iram1.16      0x00000000400812e0       0x3e /home/s/eclipse-workspace/Serv/build/esp32/libesp32.a(intr_alloc.o)
                0x00000000400812e0                esp_intr_noniram_enable
 *fill*         0x000000004008131e        0x2 
 .iram1.20      0x0000000040081320       0x11 /home/s/eclipse-workspace/Serv/build/esp32/libesp32.a(esp_timer.o)
 *fill*         0x0000000040081331        0x3 
 .iram1.17      0x0000000040081334        0xb /home/s/eclipse-workspace/Serv/build/esp32/libesp32.a(esp_timer.o)
                                          0xe (size before relaxing)
 *fill*         0x000000004008133f        0x1 
 .iram1.18      0x0000000040081340        0xb /home/s/eclipse-workspace/Serv/build/esp32/libesp32.a(esp_timer.o)
                                          0xe (size before relaxing)
 *fill*         0x000000004008134b        0x1 
 .iram1.14      0x000000004008134c       0x97 /home/s/eclipse-workspace/Serv/build/esp32/libesp32.a(esp_timer.o)
                                         0x9e (size before relaxing)
 *fill*         0x00000000400813e3        0x1 
 .iram1.19      0x00000000400813e4       0x1c /home/s/eclipse-workspace/Serv/build/esp32/libesp32.a(esp_timer.o)
                                         0x20 (size before relaxing)
 .iram1.22      0x0000000040081400        0xf /home/s/eclipse-workspace/Serv/build/esp32/libesp32.a(esp_timer.o)
                0x0000000040081400                esp_timer_get_time
 *fill*         0x000000004008140f        0x1 
 .iram1.15      0x0000000040081410       0xb0 /home/s/eclipse-workspace/Serv/build/esp32/libesp32.a(dport_access.o)
                0x0000000040081410                esp_dport_access_stall_other_cpu_start
 .iram1.16      0x00000000400814c0       0x7c /home/s/eclipse-workspace/Serv/build/esp32/libesp32.a(dport_access.o)
                                         0x80 (size before relaxing)
                0x00000000400814c0                esp_dport_access_stall_other_cpu_end
 .iram1.19      0x000000004008153c       0x23 /home/s/eclipse-workspace/Serv/build/esp32/libesp32.a(dport_access.o)
                                         0x27 (size before relaxing)
                0x000000004008153c                esp_dport_access_int_pause
 *fill*         0x000000004008155f        0x1 
 .iram1.20      0x0000000040081560       0x14 /home/s/eclipse-workspace/Serv/build/esp32/libesp32.a(dport_access.o)
                0x0000000040081560                esp_dport_access_int_abort
 .iram1.23      0x0000000040081574       0x15 /home/s/eclipse-workspace/Serv/build/esp32/libesp32.a(dport_access.o)
                0x0000000040081574                esp_dport_access_reg_read
 *fill*         0x0000000040081589        0x3 
 .iram1.24      0x000000004008158c        0xc /home/s/eclipse-workspace/Serv/build/esp32/libesp32.a(dport_access.o)
                0x000000004008158c                esp_dport_access_sequence_reg_read
 .iram1.22      0x0000000040081598      0x173 /home/s/eclipse-workspace/Serv/build/esp32/libesp32.a(system_api.o)
                                        0x1bf (size before relaxing)
                0x0000000040081598                esp_restart_noos
 *fill*         0x000000004008170b        0x1 
 .iram1.14      0x000000004008170c       0x53 /home/s/eclipse-workspace/Serv/build/esp32/libesp32.a(int_wdt.o)
 *fill*         0x000000004008175f        0x1 
 .iram1         0x0000000040081760       0xda /home/s/eclipse-workspace/Serv/build/esp32/libesp32.a(dport_panic_highint_hdl.o)
                0x0000000040081760                xt_highint4
                0x000000004008183a                ld_include_panic_highint_hdl
 *fill*         0x000000004008183a        0x2 
 .iram1.15      0x000000004008183c      0x122 /home/s/eclipse-workspace/Serv/build/esp32/libesp32.a(esp_timer_esp32.o)
                                        0x126 (size before relaxing)
 *fill*         0x000000004008195e        0x2 
 .iram1.13      0x0000000040081960      0x16e /home/s/eclipse-workspace/Serv/build/esp32/libesp32.a(esp_timer_esp32.o)
                0x0000000040081960                esp_timer_impl_get_time
 *fill*         0x0000000040081ace        0x2 
 .iram1.14      0x0000000040081ad0      0x148 /home/s/eclipse-workspace/Serv/build/esp32/libesp32.a(esp_timer_esp32.o)
                                        0x14b (size before relaxing)
                0x0000000040081ad0                esp_timer_impl_set_alarm
 *fill*         0x0000000040081c18        0x0 
 .iram1.10      0x0000000040081c18       0x27 /home/s/eclipse-workspace/Serv/build/esp32/libesp32.a(freertos_hooks.o)
                0x0000000040081c18                esp_vApplicationTickHook
 *fill*         0x0000000040081c3f        0x1 
 .iram1.11      0x0000000040081c40       0x7f /home/s/eclipse-workspace/Serv/build/esp32/libesp32.a(ipc.o)
                                         0x8b (size before relaxing)
 *fill*         0x0000000040081cbf        0x1 
 .iram1.11      0x0000000040081cc0       0x1a /home/s/eclipse-workspace/Serv/build/freertos/libfreertos.a(port.o)
                0x0000000040081cc0                xPortInterruptedFromISRContext
 *fill*         0x0000000040081cda        0x2 
 .iram1         0x0000000040081cdc      0x4f8 /home/s/eclipse-workspace/Serv/build/freertos/libfreertos.a(xtensa_vectors.o)
                0x0000000040081cdc                _xt_panic
                0x0000000040081dfc                _xt_user_exit
                0x0000000040082110                _xt_medint2_exit
                0x00000000400821c0                _xt_medint3_exit
 .iram1.18      0x00000000400821d4       0x28 /home/s/eclipse-workspace/Serv/build/heap/libheap.a(heap_caps.o)
 .iram1.11      0x00000000400821fc       0x65 /home/s/eclipse-workspace/Serv/build/heap/libheap.a(heap_caps.o)
                                         0x74 (size before relaxing)
 *fill*         0x0000000040082261        0x3 
 .iram1.12      0x0000000040082264       0xa4 /home/s/eclipse-workspace/Serv/build/heap/libheap.a(heap_caps.o)
                                         0xa8 (size before relaxing)
                0x0000000040082264                heap_caps_malloc
 .iram1.13      0x0000000040082308       0x49 /home/s/eclipse-workspace/Serv/build/heap/libheap.a(heap_caps.o)
                                         0x4d (size before relaxing)
                0x0000000040082308                heap_caps_malloc_default
 *fill*         0x0000000040082351        0x3 
 .iram1.19      0x0000000040082354       0x37 /home/s/eclipse-workspace/Serv/build/heap/libheap.a(heap_caps.o)
                                         0x3e (size before relaxing)
                0x0000000040082354                heap_caps_free
 *fill*         0x000000004008238b        0x1 
 .iram1.20      0x000000004008238c       0xad /home/s/eclipse-workspace/Serv/build/heap/libheap.a(heap_caps.o)
                                         0xc1 (size before relaxing)
                0x000000004008238c                heap_caps_realloc
 *fill*         0x0000000040082439        0x3 
 .iram1.14      0x000000004008243c       0x59 /home/s/eclipse-workspace/Serv/build/heap/libheap.a(heap_caps.o)
                                         0x61 (size before relaxing)
                0x000000004008243c                heap_caps_realloc_default
 *fill*         0x0000000040082495        0x3 
 .iram1.11      0x0000000040082498      0x12e /home/s/eclipse-workspace/Serv/build/log/liblog.a(log.o)
                                        0x136 (size before relaxing)
                0x0000000040082498                esp_log_write
 *fill*         0x00000000400825c6        0x2 
 .iram1.12      0x00000000400825c8       0x1c /home/s/eclipse-workspace/Serv/build/log/liblog.a(log.o)
                                         0x1f (size before relaxing)
                0x00000000400825c8                esp_log_early_timestamp
 *fill*         0x00000000400825e4        0x0 
 .iram1.13      0x00000000400825e4       0x3f /home/s/eclipse-workspace/Serv/build/log/liblog.a(log.o)
                                         0x47 (size before relaxing)
                0x00000000400825e4                esp_log_timestamp
 *fill*         0x0000000040082623        0x1 
 .iram1.12      0x0000000040082624       0x46 /home/s/eclipse-workspace/Serv/build/newlib/libnewlib.a(time.o)
                                         0x4a (size before relaxing)
                0x0000000040082624                _gettimeofday_r
 *fill*         0x000000004008266a        0x2 
 .iram1.11      0x000000004008266c       0x28 /home/s/eclipse-workspace/Serv/build/newlib/libnewlib.a(time.o)
                                         0x2c (size before relaxing)
                0x000000004008266c                _times_r
 .iram1.0       0x0000000040082694       0x3c /home/s/eclipse-workspace/Serv/build/newlib/libnewlib.a(reent_init.o)
                0x0000000040082694                esp_reent_init
 .iram1.10      0x00000000400826d0        0xc /home/s/eclipse-workspace/Serv/build/newlib/libnewlib.a(syscalls.o)
                                         0x10 (size before relaxing)
                0x00000000400826d0                _malloc_r
 .iram1.11      0x00000000400826dc        0xa /home/s/eclipse-workspace/Serv/build/newlib/libnewlib.a(syscalls.o)
                                          0xe (size before relaxing)
                0x00000000400826dc                _free_r
 *fill*         0x00000000400826e6        0x2 
 .iram1.12      0x00000000400826e8       0x11 /home/s/eclipse-workspace/Serv/build/newlib/libnewlib.a(syscalls.o)
                0x00000000400826e8                _realloc_r
 *fill*         0x00000000400826f9        0x3 
 .iram1.13      0x00000000400826fc       0x2c /home/s/eclipse-workspace/Serv/build/newlib/libnewlib.a(syscalls.o)
                0x00000000400826fc                _calloc_r
 .iram1.11      0x0000000040082728       0x34 /home/s/eclipse-workspace/Serv/build/newlib/libnewlib.a(locks.o)
                                         0x43 (size before relaxing)
 *fill*         0x000000004008275c        0x0 
 .iram1.15      0x000000004008275c       0x98 /home/s/eclipse-workspace/Serv/build/newlib/libnewlib.a(locks.o)
                                         0xb4 (size before relaxing)
 .iram1.20      0x00000000400827f4       0x4a /home/s/eclipse-workspace/Serv/build/newlib/libnewlib.a(locks.o)
                                         0x56 (size before relaxing)
 *fill*         0x000000004008283e        0x2 
 .iram1.12      0x0000000040082840       0x13 /home/s/eclipse-workspace/Serv/build/newlib/libnewlib.a(locks.o)
                0x0000000040082840                _lock_init
 *fill*         0x0000000040082853        0x1 
 .iram1.13      0x0000000040082854       0x13 /home/s/eclipse-workspace/Serv/build/newlib/libnewlib.a(locks.o)
                0x0000000040082854                _lock_init_recursive
 *fill*         0x0000000040082867        0x1 
 .iram1.14      0x0000000040082868       0x3b /home/s/eclipse-workspace/Serv/build/newlib/libnewlib.a(locks.o)
                                         0x4b (size before relaxing)
                0x0000000040082868                _lock_close_recursive
                0x0000000040082868                _lock_close
 *fill*         0x00000000400828a3        0x1 
 .iram1.16      0x00000000400828a4        0xe /home/s/eclipse-workspace/Serv/build/newlib/libnewlib.a(locks.o)
                                         0x12 (size before relaxing)
                0x00000000400828a4                _lock_acquire
 *fill*         0x00000000400828b2        0x2 
 .iram1.17      0x00000000400828b4        0xe /home/s/eclipse-workspace/Serv/build/newlib/libnewlib.a(locks.o)
                                         0x12 (size before relaxing)
                0x00000000400828b4                _lock_acquire_recursive
 *fill*         0x00000000400828c2        0x2 
 .iram1.18      0x00000000400828c4       0x10 /home/s/eclipse-workspace/Serv/build/newlib/libnewlib.a(locks.o)
                                         0x14 (size before relaxing)
                0x00000000400828c4                _lock_try_acquire
 .iram1.19      0x00000000400828d4       0x10 /home/s/eclipse-workspace/Serv/build/newlib/libnewlib.a(locks.o)
                                         0x14 (size before relaxing)
                0x00000000400828d4                _lock_try_acquire_recursive
 .iram1.21      0x00000000400828e4        0xf /home/s/eclipse-workspace/Serv/build/newlib/libnewlib.a(locks.o)
                0x00000000400828e4                _lock_release
 *fill*         0x00000000400828f3        0x1 
 .iram1.22      0x00000000400828f4        0xf /home/s/eclipse-workspace/Serv/build/newlib/libnewlib.a(locks.o)
                0x00000000400828f4                _lock_release_recursive
 *fill*         0x0000000040082903        0x1 
 .iram1.0       0x0000000040082904       0x92 /home/s/eclipse-workspace/Serv/build/soc/libsoc.a(cpu_util.o)
                0x0000000040082904                esp_cpu_stall
 *fill*         0x0000000040082996        0x2 
 .iram1.1       0x0000000040082998       0x54 /home/s/eclipse-workspace/Serv/build/soc/libsoc.a(cpu_util.o)
                0x0000000040082998                esp_cpu_unstall
 .iram1.2       0x00000000400829ec       0x21 /home/s/eclipse-workspace/Serv/build/soc/libsoc.a(cpu_util.o)
                0x00000000400829ec                esp_cpu_reset
 *fill*         0x0000000040082a0d        0x3 
 .iram1.3       0x0000000040082a10        0xe /home/s/eclipse-workspace/Serv/build/soc/libsoc.a(cpu_util.o)
                0x0000000040082a10                esp_cpu_in_ocd_debug_mode
 *fill*         0x0000000040082a1e        0x2 
 .iram1.28      0x0000000040082a20       0x64 /home/s/eclipse-workspace/Serv/build/spi_flash/libspi_flash.a(cache_utils.o)
                                         0x6c (size before relaxing)
 .iram1.22      0x0000000040082a84       0x43 /home/s/eclipse-workspace/Serv/build/spi_flash/libspi_flash.a(cache_utils.o)
                                         0x4f (size before relaxing)
                0x0000000040082a84                spi_flash_op_block_func
 *fill*         0x0000000040082ac7        0x1 
 .iram1.27      0x0000000040082ac8       0x66 /home/s/eclipse-workspace/Serv/build/spi_flash/libspi_flash.a(cache_utils.o)
                                         0x6e (size before relaxing)
 *fill*         0x0000000040082b2e        0x2 
 .iram1.23      0x0000000040082b30       0xde /home/s/eclipse-workspace/Serv/build/spi_flash/libspi_flash.a(cache_utils.o)
                                        0x10a (size before relaxing)
                0x0000000040082b30                spi_flash_disable_interrupts_caches_and_other_cpu
 *fill*         0x0000000040082c0e        0x2 
 .iram1.24      0x0000000040082c10       0x8e /home/s/eclipse-workspace/Serv/build/spi_flash/libspi_flash.a(cache_utils.o)
                                         0xa6 (size before relaxing)
                0x0000000040082c10                spi_flash_enable_interrupts_caches_and_other_cpu
 *fill*         0x0000000040082c9e        0x2 
 .iram1.29      0x0000000040082ca0       0x24 /home/s/eclipse-workspace/Serv/build/spi_flash/libspi_flash.a(cache_utils.o)
                                         0x28 (size before relaxing)
                0x0000000040082ca0                spi_flash_cache_enabled
 .iram1.22      0x0000000040082cc4        0xa /home/s/eclipse-workspace/Serv/build/spi_flash/libspi_flash.a(flash_ops.o)
                0x0000000040082cc4                spi_flash_guard_set
 *fill*         0x0000000040082cce        0x2 
 .iram1.22      0x0000000040082cd0       0x24 /home/s/eclipse-workspace/Serv/build/spi_flash/libspi_flash.a(flash_mmap.o)
 .iram1.21      0x0000000040082cf4       0x83 /home/s/eclipse-workspace/Serv/build/spi_flash/libspi_flash.a(flash_mmap.o)
                                         0x87 (size before relaxing)
 *fill*         0x0000000040082d77        0x1 
 .iram1.27      0x0000000040082d78       0x17 /home/s/eclipse-workspace/Serv/build/spi_flash/libspi_flash.a(flash_mmap.o)
                                         0x1f (size before relaxing)
 *fill*         0x0000000040082d8f        0x1 
 .iram1.30      0x0000000040082d90       0x82 /home/s/eclipse-workspace/Serv/build/spi_flash/libspi_flash.a(flash_mmap.o)
                                         0x8e (size before relaxing)
 *fill*         0x0000000040082e12        0x2 
 .iram1.24      0x0000000040082e14      0x246 /home/s/eclipse-workspace/Serv/build/spi_flash/libspi_flash.a(flash_mmap.o)
                                        0x266 (size before relaxing)
                0x0000000040082e14                spi_flash_mmap_pages
 *fill*         0x000000004008305a        0x2 
 .iram1.23      0x000000004008305c       0x71 /home/s/eclipse-workspace/Serv/build/spi_flash/libspi_flash.a(flash_mmap.o)
                0x000000004008305c                spi_flash_mmap
 *fill*         0x00000000400830cd        0x3 
 .iram1.25      0x00000000400830d0       0xa2 /home/s/eclipse-workspace/Serv/build/spi_flash/libspi_flash.a(flash_mmap.o)
                                         0xa6 (size before relaxing)
                0x00000000400830d0                spi_flash_munmap
 *fill*         0x0000000040083172        0x0 
 *fill*         0x0000000040083172        0x0 
 *fill*         0x0000000040083172        0x0 
 *fill*         0x0000000040083172        0x0 
 *fill*         0x0000000040083172        0x0 
 *fill*         0x0000000040083172        0x0 
 *fill*         0x0000000040083172        0x0 
 *fill*         0x0000000040083172        0x0 
 *fill*         0x0000000040083172        0x0 
 *fill*         0x0000000040083172        0x0 
 *fill*         0x0000000040083172        0x0 
 *fill*         0x0000000040083172        0x0 
 *fill*         0x0000000040083172        0x0 
 *fill*         0x0000000040083172        0x0 
 *fill*         0x0000000040083172        0x0 
 *fill*         0x0000000040083172        0x0 
 *fill*         0x0000000040083172        0x0 
 *fill*         0x0000000040083172        0x0 
 *fill*         0x0000000040083172        0x0 
 *fill*         0x0000000040083172        0x2 
 .iram1.0       0x0000000040083174       0x20 /home/s/eclipse-workspace/Serv/build/esp32/libesp32.a(dbg_stubs.o)
 *fill*         0x0000000040083194        0x0 
 *fill*         0x0000000040083194        0x0 
 *fill*         0x0000000040083194        0x0 
 *fill*         0x0000000040083194        0x0 
 *fill*         0x0000000040083194        0x0 
 *fill*         0x0000000040083194        0x0 
 .iram1         0x0000000040083194       0x2e /home/s/eclipse-workspace/Serv/build/freertos/libfreertos.a(xtensa_vector_defaults.o)
                0x0000000040083194                xt_debugexception
                0x00000000400831b4                xt_highint5
                0x00000000400831bc                _xt_nmi
                0x00000000400831bc                xt_nmi
 *fill*         0x00000000400831c2        0x0 
 *fill*         0x00000000400831c2        0x0 
 *fill*         0x00000000400831c2        0x0 
 *fill*         0x00000000400831c2        0x0 
 *fill*         0x00000000400831c2        0x0 
 *fill*         0x00000000400831c2        0x0 
 *fill*         0x00000000400831c2        0x0 
 *fill*         0x00000000400831c2        0x0 
 *fill*         0x00000000400831c2        0x0 
 *fill*         0x00000000400831c2        0x0 
 *fill*         0x00000000400831c2        0x0 
 *fill*         0x00000000400831c2        0x0 
 *fill*         0x00000000400831c2        0x0 
 *fill*         0x00000000400831c2        0x0 
 *fill*         0x00000000400831c2        0x0 
 *fill*         0x00000000400831c2        0x0 
 *fill*         0x00000000400831c2        0x0 
 *fill*         0x00000000400831c2        0x0 
 *fill*         0x00000000400831c2        0x0 
 *fill*         0x00000000400831c2        0x0 
 *fill*         0x00000000400831c2        0x0 
 *fill*         0x00000000400831c2        0x0 
 *fill*         0x00000000400831c2        0x0 
 *fill*         0x00000000400831c2        0x0 
 *fill*         0x00000000400831c2        0x0 
 *fill*         0x00000000400831c2        0x0 
 *fill*         0x00000000400831c2        0x0 
 *fill*         0x00000000400831c2        0x0 
 *fill*         0x00000000400831c2        0x0 
 *fill*         0x00000000400831c2        0x0 
 *fill*         0x00000000400831c2        0x0 
 *fill*         0x00000000400831c2        0x0 
 *fill*         0x00000000400831c2        0x0 
 *libspi_flash.a:spi_flash_rom_patch.*(.literal .literal.* .text .text.*)
 *libesp_ringbuf.a:(.literal .literal.* .text .text.*)
 *fill*         0x00000000400831c2        0x2 
 .text.prvGetFreeSize
                0x00000000400831c4       0x3c /home/s/eclipse-workspace/Serv/build/esp_ringbuf/libesp_ringbuf.a(ringbuf.o)
                                         0x40 (size before relaxing)
 .text.prvReceiveGeneric
                0x0000000040083200      0x128 /home/s/eclipse-workspace/Serv/build/esp_ringbuf/libesp_ringbuf.a(ringbuf.o)
                                        0x13c (size before relaxing)
 .text.xRingbufferSend
                0x0000000040083328       0xfd /home/s/eclipse-workspace/Serv/build/esp_ringbuf/libesp_ringbuf.a(ringbuf.o)
                                        0x111 (size before relaxing)
                0x0000000040083328                xRingbufferSend
 *fill*         0x0000000040083425        0x3 
 .text.xRingbufferReceive
                0x0000000040083428       0x45 /home/s/eclipse-workspace/Serv/build/esp_ringbuf/libesp_ringbuf.a(ringbuf.o)
                0x0000000040083428                xRingbufferReceive
 *fill*         0x000000004008346d        0x3 
 .text.vRingbufferReturnItem
                0x0000000040083470       0x5a /home/s/eclipse-workspace/Serv/build/esp_ringbuf/libesp_ringbuf.a(ringbuf.o)
                                         0x66 (size before relaxing)
                0x0000000040083470                vRingbufferReturnItem
 *fill*         0x00000000400834ca        0x2 
 .text.prvCheckItemAvail
                0x00000000400834cc       0x34 /home/s/eclipse-workspace/Serv/build/esp_ringbuf/libesp_ringbuf.a(ringbuf.o)
 *fill*         0x0000000040083500        0x0 
 *fill*         0x0000000040083500        0x0 
 *libhal.a:(.literal .literal.* .text .text.*)
 .text          0x0000000040083500      0x137 /home/s/eclipse/esp-idf/components/esp32/libhal.a(windowspill_asm.o)
                0x0000000040083500                xthal_window_spill_nw
                0x0000000040083500                xthal_spill_registers_into_stack_nw
                0x0000000040083614                xthal_window_spill
 *fill*         0x0000000040083637        0x1 
 .text          0x0000000040083638        0x8 /home/s/eclipse/esp-idf/components/esp32/libhal.a(int_asm--set_intclear.o)
                0x0000000040083638                xthal_set_intclear
 .text          0x0000000040083640       0x48 /home/s/eclipse/esp-idf/components/esp32/libhal.a(clock.o)
                0x0000000040083640                xthal_get_ccount
                0x0000000040083648                xthal_set_ccompare
                0x0000000040083668                xthal_get_ccompare
 *fill*         0x0000000040083688        0x0 
 .text          0x0000000040083688       0x3e /home/s/eclipse/esp-idf/components/esp32/libhal.a(state_asm--restore_extra_nw.o)
                0x0000000040083688                xthal_restore_extra_nw
 *fill*         0x00000000400836c6        0x2 
 .text          0x00000000400836c8       0x3e /home/s/eclipse/esp-idf/components/esp32/libhal.a(state_asm--save_extra_nw.o)
                0x00000000400836c8                xthal_save_extra_nw
 *libapp_trace.a:(.literal .literal.* .text .text.*)
 *libesp32.a:core_dump.*(.literal .literal.* .text .text.*)
 *libesp32.a:panic.*(.literal .literal.* .text .text.*)
 *fill*         0x0000000040083706        0x2 
 .text.panicPutChar
                0x0000000040083708       0x1e /home/s/eclipse-workspace/Serv/build/esp32/libesp32.a(panic.o)
 *fill*         0x0000000040083726        0x2 
 .text.panicPutStr
                0x0000000040083728       0x1a /home/s/eclipse-workspace/Serv/build/esp32/libesp32.a(panic.o)
 *fill*         0x0000000040083742        0x2 
 .text.panicPutHex
                0x0000000040083744       0x2c /home/s/eclipse-workspace/Serv/build/esp32/libesp32.a(panic.o)
                                         0x2f (size before relaxing)
 *fill*         0x0000000040083770        0x0 
 .text.panicPutDec
                0x0000000040083770       0x3c /home/s/eclipse-workspace/Serv/build/esp32/libesp32.a(panic.o)
                                         0x46 (size before relaxing)
 *fill*         0x00000000400837ac        0x0 
 .text.illegal_instruction_helper
                0x00000000400837ac       0x57 /home/s/eclipse-workspace/Serv/build/esp32/libesp32.a(panic.o)
                                         0x73 (size before relaxing)
 *fill*         0x0000000040083803        0x1 
 .text.reconfigureAllWdts
                0x0000000040083804       0xa8 /home/s/eclipse-workspace/Serv/build/esp32/libesp32.a(panic.o)
 .text.putEntry
                0x00000000400838ac       0x2b /home/s/eclipse-workspace/Serv/build/esp32/libesp32.a(panic.o)
                                         0x37 (size before relaxing)
 *fill*         0x00000000400838d7        0x1 
 .text.doBacktrace
                0x00000000400838d8       0x71 /home/s/eclipse-workspace/Serv/build/esp32/libesp32.a(panic.o)
                                         0x78 (size before relaxing)
 *fill*         0x0000000040083949        0x3 
 .text.invoke_abort
                0x000000004008394c       0x1d /home/s/eclipse-workspace/Serv/build/esp32/libesp32.a(panic.o)
 *fill*         0x0000000040083969        0x3 
 .text.haltOtherCore
                0x000000004008396c       0x18 /home/s/eclipse-workspace/Serv/build/esp32/libesp32.a(panic.o)
 .text.commonErrorHandler_dump
                0x0000000040083984       0xd6 /home/s/eclipse-workspace/Serv/build/esp32/libesp32.a(panic.o)
                                        0x116 (size before relaxing)
 *fill*         0x0000000040083a5a        0x2 
 .text.esp_panic_dig_reset
                0x0000000040083a5c       0x32 /home/s/eclipse-workspace/Serv/build/esp32/libesp32.a(panic.o)
                                         0x36 (size before relaxing)
 *fill*         0x0000000040083a8e        0x2 
 .text.commonErrorHandler
                0x0000000040083a90       0x70 /home/s/eclipse-workspace/Serv/build/esp32/libesp32.a(panic.o)
                                         0x9a (size before relaxing)
 *fill*         0x0000000040083b00        0x0 
 .text.esp_error_check_failed_print
                0x0000000040083b00       0x56 /home/s/eclipse-workspace/Serv/build/esp32/libesp32.a(panic.o)
                                         0x5e (size before relaxing)
 *fill*         0x0000000040083b56        0x2 
 .text.abort    0x0000000040083b58       0x38 /home/s/eclipse-workspace/Serv/build/esp32/libesp32.a(panic.o)
                                         0x3e (size before relaxing)
                0x0000000040083b58                abort
 *fill*         0x0000000040083b90        0x0 
 .text.vApplicationStackOverflowHook
                0x0000000040083b90       0x17 /home/s/eclipse-workspace/Serv/build/esp32/libesp32.a(panic.o)
                                         0x23 (size before relaxing)
                0x0000000040083b90                vApplicationStackOverflowHook
 *fill*         0x0000000040083ba7        0x1 
 .text.panicHandler
                0x0000000040083ba8      0x167 /home/s/eclipse-workspace/Serv/build/esp32/libesp32.a(panic.o)
                                        0x19a (size before relaxing)
                0x0000000040083ba8                panicHandler
 *fill*         0x0000000040083d0f        0x1 
 .text.xt_unhandled_exception
                0x0000000040083d10       0x88 /home/s/eclipse-workspace/Serv/build/esp32/libesp32.a(panic.o)
                                         0xb4 (size before relaxing)
                0x0000000040083d10                xt_unhandled_exception
 .text._esp_error_check_failed
                0x0000000040083d98       0x16 /home/s/eclipse-workspace/Serv/build/esp32/libesp32.a(panic.o)
                                         0x1e (size before relaxing)
                0x0000000040083d98                _esp_error_check_failed
 *fill*         0x0000000040083dae        0x0 
 *fill*         0x0000000040083dae        0x0 
 *fill*         0x0000000040083dae        0x0 
 *fill*         0x0000000040083dae        0x0 
 *fill*         0x0000000040083dae        0x2 
 .text.setFirstBreakpoint
                0x0000000040083db0       0x13 /home/s/eclipse-workspace/Serv/build/esp32/libesp32.a(panic.o)
 *fill*         0x0000000040083dc3        0x0 
 *fill*         0x0000000040083dc3        0x0 
 *fill*         0x0000000040083dc3        0x0 
 *fill*         0x0000000040083dc3        0x0 
 *fill*         0x0000000040083dc3        0x0 
 *fill*         0x0000000040083dc3        0x0 
 *fill*         0x0000000040083dc3        0x0 
 *fill*         0x0000000040083dc3        0x1 
 .text.esp_reset_reason_set_hint
                0x0000000040083dc4        0x5 /home/s/eclipse-workspace/Serv/build/esp32/libesp32.a(panic.o)
                0x0000000040083dc4                esp_reset_reason_set_hint
 *fill*         0x0000000040083dc9        0x3 
 .text.esp_reset_reason_get_hint